[2022-06-03T11:09:09.987+0500][gc] Using G1
[2022-06-03T11:09:09.993+0500][gc,init] Version: 15.0.1+9 (release)
[2022-06-03T11:09:09.993+0500][gc,init] CPUs: 8 total, 8 available
[2022-06-03T11:09:09.993+0500][gc,init] Memory: 8192M
[2022-06-03T11:09:09.993+0500][gc,init] Large Page Support: Disabled
[2022-06-03T11:09:09.993+0500][gc,init] NUMA Support: Disabled
[2022-06-03T11:09:09.993+0500][gc,init] Compressed Oops: Enabled (Zero based)
[2022-06-03T11:09:09.993+0500][gc,init] Heap Region Size: 1M
[2022-06-03T11:09:09.993+0500][gc,init] Heap Min Capacity: 1G
[2022-06-03T11:09:09.993+0500][gc,init] Heap Initial Capacity: 1G
[2022-06-03T11:09:09.993+0500][gc,init] Heap Max Capacity: 1G
[2022-06-03T11:09:09.993+0500][gc,init] Pre-touch: Disabled
[2022-06-03T11:09:09.993+0500][gc,init] Parallel Workers: 8
[2022-06-03T11:09:09.993+0500][gc,init] Concurrent Workers: 2
[2022-06-03T11:09:09.993+0500][gc,init] Concurrent Refinement Workers: 8
[2022-06-03T11:09:09.993+0500][gc,init] Periodic GC: Disabled
[2022-06-03T11:09:09.994+0500][gc,cds ] Mark closed archive regions in map: [0x00000007fff00000, 0x00000007fff78ff8]
[2022-06-03T11:09:09.994+0500][gc,cds ] Mark open archive regions in map: [0x00000007ffe00000, 0x00000007ffe50ff8]
[2022-06-03T11:09:09.994+0500][gc,metaspace] CDS archive(s) mapped at: [0x0000000800000000-0x0000000800b2d000-0x0000000800b2d000), size 11718656, SharedBaseAddress: 0x0000000800000000, ArchiveRelocationMode: 0.
[2022-06-03T11:09:09.994+0500][gc,metaspace] Compressed class space mapped at: 0x0000000800b30000-0x0000000840b30000, size: 1073741824
[2022-06-03T11:09:09.994+0500][gc,metaspace] Narrow klass base: 0x0000000800000000, Narrow klass shift: 3, Narrow klass range: 0x100000000
[2022-06-03T11:09:11.880+0500][gc,start    ] GC(0) Pause Young (Normal) (G1 Evacuation Pause)
[2022-06-03T11:09:11.880+0500][gc,task     ] GC(0) Using 8 workers of 8 for evacuation
[2022-06-03T11:09:11.885+0500][gc,phases   ] GC(0)   Pre Evacuate Collection Set: 0.1ms
[2022-06-03T11:09:11.885+0500][gc,phases   ] GC(0)   Merge Heap Roots: 0.0ms
[2022-06-03T11:09:11.885+0500][gc,phases   ] GC(0)   Evacuate Collection Set: 4.1ms
[2022-06-03T11:09:11.885+0500][gc,phases   ] GC(0)   Post Evacuate Collection Set: 0.5ms
[2022-06-03T11:09:11.885+0500][gc,phases   ] GC(0)   Other: 0.5ms
[2022-06-03T11:09:11.885+0500][gc,heap     ] GC(0) Eden regions: 51->0(44)
[2022-06-03T11:09:11.885+0500][gc,heap     ] GC(0) Survivor regions: 0->7(7)
[2022-06-03T11:09:11.885+0500][gc,heap     ] GC(0) Old regions: 0->0
[2022-06-03T11:09:11.885+0500][gc,heap     ] GC(0) Archive regions: 2->2
[2022-06-03T11:09:11.885+0500][gc,heap     ] GC(0) Humongous regions: 0->0
[2022-06-03T11:09:11.885+0500][gc,metaspace] GC(0) Metaspace: 18561K(19200K)->18561K(19200K) NonClass: 16363K(16896K)->16363K(16896K) Class: 2197K(2304K)->2197K(2304K)
[2022-06-03T11:09:11.885+0500][gc          ] GC(0) Pause Young (Normal) (G1 Evacuation Pause) 51M->7M(1024M) 5.437ms
[2022-06-03T11:09:11.885+0500][gc,cpu      ] GC(0) User=0.02s Sys=0.01s Real=0.00s
[2022-06-03T11:09:12.197+0500][gc,start    ] GC(1) Pause Young (Concurrent Start) (Metadata GC Threshold)
[2022-06-03T11:09:12.197+0500][gc,task     ] GC(1) Using 8 workers of 8 for evacuation
[2022-06-03T11:09:12.202+0500][gc,phases   ] GC(1)   Pre Evacuate Collection Set: 0.1ms
[2022-06-03T11:09:12.202+0500][gc,phases   ] GC(1)   Merge Heap Roots: 0.0ms
[2022-06-03T11:09:12.202+0500][gc,phases   ] GC(1)   Evacuate Collection Set: 4.5ms
[2022-06-03T11:09:12.202+0500][gc,phases   ] GC(1)   Post Evacuate Collection Set: 0.3ms
[2022-06-03T11:09:12.202+0500][gc,phases   ] GC(1)   Other: 0.2ms
[2022-06-03T11:09:12.202+0500][gc,heap     ] GC(1) Eden regions: 9->0(50)
[2022-06-03T11:09:12.202+0500][gc,heap     ] GC(1) Survivor regions: 7->1(7)
[2022-06-03T11:09:12.202+0500][gc,heap     ] GC(1) Old regions: 0->7
[2022-06-03T11:09:12.202+0500][gc,heap     ] GC(1) Archive regions: 2->2
[2022-06-03T11:09:12.202+0500][gc,heap     ] GC(1) Humongous regions: 0->0
[2022-06-03T11:09:12.202+0500][gc,metaspace] GC(1) Metaspace: 20670K(21248K)->20670K(21248K) NonClass: 18207K(18688K)->18207K(18688K) Class: 2462K(2560K)->2462K(2560K)
[2022-06-03T11:09:12.202+0500][gc          ] GC(1) Pause Young (Concurrent Start) (Metadata GC Threshold) 16M->8M(1024M) 5.305ms
[2022-06-03T11:09:12.202+0500][gc,cpu      ] GC(1) User=0.02s Sys=0.01s Real=0.01s
[2022-06-03T11:09:12.202+0500][gc          ] GC(2) Concurrent Cycle
[2022-06-03T11:09:12.202+0500][gc,marking  ] GC(2) Concurrent Clear Claimed Marks
[2022-06-03T11:09:12.202+0500][gc,marking  ] GC(2) Concurrent Clear Claimed Marks 0.015ms
[2022-06-03T11:09:12.202+0500][gc,marking  ] GC(2) Concurrent Scan Root Regions
[2022-06-03T11:09:12.204+0500][gc,marking  ] GC(2) Concurrent Scan Root Regions 2.236ms
[2022-06-03T11:09:12.204+0500][gc,marking  ] GC(2) Concurrent Mark (2.224s)
[2022-06-03T11:09:12.204+0500][gc,marking  ] GC(2) Concurrent Mark From Roots
[2022-06-03T11:09:12.204+0500][gc,task     ] GC(2) Using 2 workers of 2 for marking
[2022-06-03T11:09:12.206+0500][gc,marking  ] GC(2) Concurrent Mark From Roots 1.343ms
[2022-06-03T11:09:12.206+0500][gc,marking  ] GC(2) Concurrent Preclean
[2022-06-03T11:09:12.206+0500][gc,marking  ] GC(2) Concurrent Preclean 0.368ms
[2022-06-03T11:09:12.206+0500][gc,marking  ] GC(2) Concurrent Mark (2.224s, 2.226s) 1.791ms
[2022-06-03T11:09:12.206+0500][gc,start    ] GC(2) Pause Remark
[2022-06-03T11:09:12.207+0500][gc          ] GC(2) Pause Remark 9M->9M(1024M) 0.803ms
[2022-06-03T11:09:12.226+0500][gc,cpu      ] GC(2) User=0.01s Sys=0.00s Real=0.02s
[2022-06-03T11:09:12.226+0500][gc,marking  ] GC(2) Concurrent Rebuild Remembered Sets
[2022-06-03T11:09:12.229+0500][gc,marking  ] GC(2) Concurrent Rebuild Remembered Sets 2.386ms
[2022-06-03T11:09:12.229+0500][gc,start    ] GC(2) Pause Cleanup
[2022-06-03T11:09:12.230+0500][gc          ] GC(2) Pause Cleanup 9M->9M(1024M) 0.127ms
[2022-06-03T11:09:12.230+0500][gc,cpu      ] GC(2) User=0.00s Sys=0.00s Real=0.01s
[2022-06-03T11:09:12.230+0500][gc,marking  ] GC(2) Concurrent Cleanup for Next Mark
[2022-06-03T11:09:12.236+0500][gc,marking  ] GC(2) Concurrent Cleanup for Next Mark 5.955ms
[2022-06-03T11:09:12.236+0500][gc          ] GC(2) Concurrent Cycle 33.682ms
[2022-06-03T11:09:13.181+0500][gc,start    ] GC(3) Pause Young (Normal) (G1 Evacuation Pause)
[2022-06-03T11:09:13.181+0500][gc,task     ] GC(3) Using 8 workers of 8 for evacuation
[2022-06-03T11:09:13.185+0500][gc,phases   ] GC(3)   Pre Evacuate Collection Set: 0.1ms
[2022-06-03T11:09:13.185+0500][gc,phases   ] GC(3)   Merge Heap Roots: 0.1ms
[2022-06-03T11:09:13.185+0500][gc,phases   ] GC(3)   Evacuate Collection Set: 3.1ms
[2022-06-03T11:09:13.185+0500][gc,phases   ] GC(3)   Post Evacuate Collection Set: 0.9ms
[2022-06-03T11:09:13.185+0500][gc,phases   ] GC(3)   Other: 0.2ms
[2022-06-03T11:09:13.185+0500][gc,heap     ] GC(3) Eden regions: 50->0(45)
[2022-06-03T11:09:13.185+0500][gc,heap     ] GC(3) Survivor regions: 1->6(7)
[2022-06-03T11:09:13.185+0500][gc,heap     ] GC(3) Old regions: 7->7
[2022-06-03T11:09:13.185+0500][gc,heap     ] GC(3) Archive regions: 2->2
[2022-06-03T11:09:13.185+0500][gc,heap     ] GC(3) Humongous regions: 129->129
[2022-06-03T11:09:13.185+0500][gc,metaspace] GC(3) Metaspace: 32328K(33152K)->32328K(33152K) NonClass: 28813K(29440K)->28813K(29440K) Class: 3515K(3712K)->3515K(3712K)
[2022-06-03T11:09:13.185+0500][gc          ] GC(3) Pause Young (Normal) (G1 Evacuation Pause) 187M->142M(1024M) 4.444ms
[2022-06-03T11:09:13.185+0500][gc,cpu      ] GC(3) User=0.03s Sys=0.00s Real=0.00s
[2022-06-03T11:09:42.268+0500][gc,start    ] GC(4) Pause Young (Concurrent Start) (Metadata GC Threshold)
[2022-06-03T11:09:42.269+0500][gc,task     ] GC(4) Using 8 workers of 8 for evacuation
[2022-06-03T11:09:42.277+0500][gc,phases   ] GC(4)   Pre Evacuate Collection Set: 0.3ms
[2022-06-03T11:09:42.277+0500][gc,phases   ] GC(4)   Merge Heap Roots: 0.1ms
[2022-06-03T11:09:42.277+0500][gc,phases   ] GC(4)   Evacuate Collection Set: 6.8ms
[2022-06-03T11:09:42.277+0500][gc,phases   ] GC(4)   Post Evacuate Collection Set: 0.6ms
[2022-06-03T11:09:42.277+0500][gc,phases   ] GC(4)   Other: 1.4ms
[2022-06-03T11:09:42.277+0500][gc,heap     ] GC(4) Eden regions: 15->0(49)
[2022-06-03T11:09:42.277+0500][gc,heap     ] GC(4) Survivor regions: 6->2(7)
[2022-06-03T11:09:42.277+0500][gc,heap     ] GC(4) Old regions: 7->12
[2022-06-03T11:09:42.277+0500][gc,heap     ] GC(4) Archive regions: 2->2
[2022-06-03T11:09:42.277+0500][gc,heap     ] GC(4) Humongous regions: 129->129
[2022-06-03T11:09:42.278+0500][gc,metaspace] GC(4) Metaspace: 35140K(35840K)->35140K(35840K) NonClass: 31202K(31744K)->31202K(31744K) Class: 3937K(4096K)->3937K(4096K)
[2022-06-03T11:09:42.278+0500][gc          ] GC(4) Pause Young (Concurrent Start) (Metadata GC Threshold) 156M->142M(1024M) 9.579ms
[2022-06-03T11:09:42.278+0500][gc,cpu      ] GC(4) User=0.04s Sys=0.01s Real=0.01s
[2022-06-03T11:09:42.278+0500][gc          ] GC(5) Concurrent Cycle
[2022-06-03T11:09:42.278+0500][gc,marking  ] GC(5) Concurrent Clear Claimed Marks
[2022-06-03T11:09:42.278+0500][gc,marking  ] GC(5) Concurrent Clear Claimed Marks 0.034ms
[2022-06-03T11:09:42.278+0500][gc,marking  ] GC(5) Concurrent Scan Root Regions
[2022-06-03T11:09:42.285+0500][gc,marking  ] GC(5) Concurrent Scan Root Regions 6.855ms
[2022-06-03T11:09:42.285+0500][gc,marking  ] GC(5) Concurrent Mark (32.306s)
[2022-06-03T11:09:42.285+0500][gc,marking  ] GC(5) Concurrent Mark From Roots
[2022-06-03T11:09:42.285+0500][gc,task     ] GC(5) Using 2 workers of 2 for marking
[2022-06-03T11:09:42.298+0500][gc,marking  ] GC(5) Concurrent Mark From Roots 13.278ms
[2022-06-03T11:09:42.310+0500][gc,marking  ] GC(5) Concurrent Preclean
[2022-06-03T11:09:42.310+0500][gc,marking  ] GC(5) Concurrent Preclean 0.228ms
[2022-06-03T11:09:42.310+0500][gc,marking  ] GC(5) Concurrent Mark (32.306s, 32.331s) 25.427ms
[2022-06-03T11:09:42.311+0500][gc,start    ] GC(5) Pause Remark
[2022-06-03T11:09:42.313+0500][gc          ] GC(5) Pause Remark 144M->144M(1024M) 2.050ms
[2022-06-03T11:09:42.313+0500][gc,cpu      ] GC(5) User=0.01s Sys=0.00s Real=0.00s
[2022-06-03T11:09:42.313+0500][gc,marking  ] GC(5) Concurrent Rebuild Remembered Sets
[2022-06-03T11:09:42.323+0500][gc,marking  ] GC(5) Concurrent Rebuild Remembered Sets 10.093ms
[2022-06-03T11:09:42.334+0500][gc,start    ] GC(5) Pause Cleanup
[2022-06-03T11:09:42.334+0500][gc          ] GC(5) Pause Cleanup 144M->144M(1024M) 0.223ms
[2022-06-03T11:09:42.334+0500][gc,cpu      ] GC(5) User=0.00s Sys=0.00s Real=0.00s
[2022-06-03T11:09:42.334+0500][gc,marking  ] GC(5) Concurrent Cleanup for Next Mark
[2022-06-03T11:09:42.342+0500][gc,marking  ] GC(5) Concurrent Cleanup for Next Mark 7.288ms
[2022-06-03T11:09:42.342+0500][gc          ] GC(5) Concurrent Cycle 63.876ms
[2022-06-03T11:56:55.923+0500][gc,start    ] GC(6) Pause Young (Normal) (G1 Evacuation Pause)
[2022-06-03T11:56:55.923+0500][gc,task     ] GC(6) Using 8 workers of 8 for evacuation
[2022-06-03T11:56:55.966+0500][gc,mmu      ] GC(6) MMU target violated: 21.0ms (20.0ms/21.0ms)
[2022-06-03T11:56:55.966+0500][gc,phases   ] GC(6)   Pre Evacuate Collection Set: 1.2ms
[2022-06-03T11:56:55.966+0500][gc,phases   ] GC(6)   Merge Heap Roots: 1.2ms
[2022-06-03T11:56:55.966+0500][gc,phases   ] GC(6)   Evacuate Collection Set: 36.1ms
[2022-06-03T11:56:55.966+0500][gc,phases   ] GC(6)   Post Evacuate Collection Set: 2.6ms
[2022-06-03T11:56:55.967+0500][gc,phases   ] GC(6)   Other: 2.5ms
[2022-06-03T11:56:55.967+0500][gc,heap     ] GC(6) Eden regions: 49->0(49)
[2022-06-03T11:56:55.967+0500][gc,heap     ] GC(6) Survivor regions: 2->2(7)
[2022-06-03T11:56:55.967+0500][gc,heap     ] GC(6) Old regions: 12->12
[2022-06-03T11:56:55.967+0500][gc,heap     ] GC(6) Archive regions: 2->2
[2022-06-03T11:56:55.967+0500][gc,heap     ] GC(6) Humongous regions: 129->129
[2022-06-03T11:56:55.967+0500][gc,metaspace] GC(6) Metaspace: 38745K(39552K)->38745K(39552K) NonClass: 34246K(34816K)->34246K(34816K) Class: 4498K(4736K)->4498K(4736K)
[2022-06-03T11:56:55.967+0500][gc          ] GC(6) Pause Young (Normal) (G1 Evacuation Pause) 191M->143M(1024M) 44.065ms
[2022-06-03T11:56:55.967+0500][gc,cpu      ] GC(6) User=0.03s Sys=0.13s Real=0.04s
[2022-06-03T13:04:35.743+0500][gc,start    ] GC(7) Pause Young (Normal) (G1 Evacuation Pause)
[2022-06-03T13:04:35.759+0500][gc,task     ] GC(7) Using 8 workers of 8 for evacuation
[2022-06-03T13:04:35.829+0500][gc,mmu      ] GC(7) MMU target violated: 21.0ms (20.0ms/21.0ms)
[2022-06-03T13:04:35.829+0500][gc,phases   ] GC(7)   Pre Evacuate Collection Set: 11.7ms
[2022-06-03T13:04:35.829+0500][gc,phases   ] GC(7)   Merge Heap Roots: 4.7ms
[2022-06-03T13:04:35.829+0500][gc,phases   ] GC(7)   Evacuate Collection Set: 47.4ms
[2022-06-03T13:04:35.829+0500][gc,phases   ] GC(7)   Post Evacuate Collection Set: 3.6ms
[2022-06-03T13:04:35.829+0500][gc,phases   ] GC(7)   Other: 20.5ms
[2022-06-03T13:04:35.829+0500][gc,heap     ] GC(7) Eden regions: 49->0(49)
[2022-06-03T13:04:35.829+0500][gc,heap     ] GC(7) Survivor regions: 2->2(7)
[2022-06-03T13:04:35.829+0500][gc,heap     ] GC(7) Old regions: 12->12
[2022-06-03T13:04:35.829+0500][gc,heap     ] GC(7) Archive regions: 2->2
[2022-06-03T13:04:35.829+0500][gc,heap     ] GC(7) Humongous regions: 129->129
[2022-06-03T13:04:35.829+0500][gc,metaspace] GC(7) Metaspace: 38937K(39808K)->38937K(39808K) NonClass: 34435K(35072K)->34435K(35072K) Class: 4502K(4736K)->4502K(4736K)
[2022-06-03T13:04:35.829+0500][gc          ] GC(7) Pause Young (Normal) (G1 Evacuation Pause) 192M->143M(1024M) 86.552ms
[2022-06-03T13:04:35.829+0500][gc,cpu      ] GC(7) User=0.02s Sys=0.08s Real=0.08s
[2022-06-03T14:10:55.906+0500][gc,start    ] GC(8) Pause Young (Normal) (G1 Evacuation Pause)
[2022-06-03T14:10:55.908+0500][gc,task     ] GC(8) Using 8 workers of 8 for evacuation
[2022-06-03T14:10:55.988+0500][gc,mmu      ] GC(8) MMU target violated: 21.0ms (20.0ms/21.0ms)
[2022-06-03T14:10:55.988+0500][gc,phases   ] GC(8)   Pre Evacuate Collection Set: 11.6ms
[2022-06-03T14:10:55.988+0500][gc,phases   ] GC(8)   Merge Heap Roots: 5.8ms
[2022-06-03T14:10:55.988+0500][gc,phases   ] GC(8)   Evacuate Collection Set: 57.0ms
[2022-06-03T14:10:55.988+0500][gc,phases   ] GC(8)   Post Evacuate Collection Set: 3.2ms
[2022-06-03T14:10:55.989+0500][gc,phases   ] GC(8)   Other: 6.6ms
[2022-06-03T14:10:55.989+0500][gc,heap     ] GC(8) Eden regions: 49->0(49)
[2022-06-03T14:10:55.989+0500][gc,heap     ] GC(8) Survivor regions: 2->2(7)
[2022-06-03T14:10:55.989+0500][gc,heap     ] GC(8) Old regions: 12->12
[2022-06-03T14:10:55.989+0500][gc,heap     ] GC(8) Archive regions: 2->2
[2022-06-03T14:10:55.989+0500][gc,heap     ] GC(8) Humongous regions: 129->129
[2022-06-03T14:10:55.989+0500][gc,metaspace] GC(8) Metaspace: 39097K(39808K)->39097K(39808K) NonClass: 34581K(35072K)->34581K(35072K) Class: 4516K(4736K)->4516K(4736K)
[2022-06-03T14:10:55.989+0500][gc          ] GC(8) Pause Young (Normal) (G1 Evacuation Pause) 192M->143M(1024M) 83.127ms
[2022-06-03T14:10:55.989+0500][gc,cpu      ] GC(8) User=0.03s Sys=0.14s Real=0.08s
[2022-06-03T14:26:55.328+0500][gc,start    ] GC(9) Pause Young (Normal) (G1 Evacuation Pause)
[2022-06-03T14:26:55.330+0500][gc,task     ] GC(9) Using 8 workers of 8 for evacuation
[2022-06-03T14:26:55.454+0500][gc,mmu      ] GC(9) MMU target violated: 21.0ms (20.0ms/21.0ms)
[2022-06-03T14:26:55.454+0500][gc,phases   ] GC(9)   Pre Evacuate Collection Set: 5.8ms
[2022-06-03T14:26:55.454+0500][gc,phases   ] GC(9)   Merge Heap Roots: 1.8ms
[2022-06-03T14:26:55.454+0500][gc,phases   ] GC(9)   Evacuate Collection Set: 112.3ms
[2022-06-03T14:26:55.454+0500][gc,phases   ] GC(9)   Post Evacuate Collection Set: 3.2ms
[2022-06-03T14:26:55.454+0500][gc,phases   ] GC(9)   Other: 5.1ms
[2022-06-03T14:26:55.454+0500][gc,heap     ] GC(9) Eden regions: 49->0(46)
[2022-06-03T14:26:55.454+0500][gc,heap     ] GC(9) Survivor regions: 2->5(7)
[2022-06-03T14:26:55.454+0500][gc,heap     ] GC(9) Old regions: 12->12
[2022-06-03T14:26:55.454+0500][gc,heap     ] GC(9) Archive regions: 2->2
[2022-06-03T14:26:55.454+0500][gc,heap     ] GC(9) Humongous regions: 129->129
[2022-06-03T14:26:55.454+0500][gc,metaspace] GC(9) Metaspace: 42361K(43136K)->42361K(43136K) NonClass: 37459K(37888K)->37459K(37888K) Class: 4901K(5248K)->4901K(5248K)
[2022-06-03T14:26:55.454+0500][gc          ] GC(9) Pause Young (Normal) (G1 Evacuation Pause) 192M->146M(1024M) 126.418ms
[2022-06-03T14:26:55.454+0500][gc,cpu      ] GC(9) User=0.06s Sys=0.31s Real=0.13s
[2022-06-03T14:40:18.025+0500][gc,start    ] GC(10) Pause Young (Normal) (G1 Evacuation Pause)
[2022-06-03T14:40:18.027+0500][gc,task     ] GC(10) Using 8 workers of 8 for evacuation
[2022-06-03T14:40:18.114+0500][gc,mmu      ] GC(10) MMU target violated: 21.0ms (20.0ms/21.0ms)
[2022-06-03T14:40:18.114+0500][gc,phases   ] GC(10)   Pre Evacuate Collection Set: 3.3ms
[2022-06-03T14:40:18.114+0500][gc,phases   ] GC(10)   Merge Heap Roots: 0.6ms
[2022-06-03T14:40:18.114+0500][gc,phases   ] GC(10)   Evacuate Collection Set: 82.3ms
[2022-06-03T14:40:18.114+0500][gc,phases   ] GC(10)   Post Evacuate Collection Set: 0.8ms
[2022-06-03T14:40:18.114+0500][gc,phases   ] GC(10)   Other: 2.2ms
[2022-06-03T14:40:18.114+0500][gc,heap     ] GC(10) Eden regions: 46->0(45)
[2022-06-03T14:40:18.114+0500][gc,heap     ] GC(10) Survivor regions: 5->6(7)
[2022-06-03T14:40:18.114+0500][gc,heap     ] GC(10) Old regions: 12->14
[2022-06-03T14:40:18.114+0500][gc,heap     ] GC(10) Archive regions: 2->2
[2022-06-03T14:40:18.114+0500][gc,heap     ] GC(10) Humongous regions: 129->129
[2022-06-03T14:40:18.114+0500][gc,metaspace] GC(10) Metaspace: 42567K(43392K)->42567K(43392K) NonClass: 37649K(38144K)->37649K(38144K) Class: 4917K(5248K)->4917K(5248K)
[2022-06-03T14:40:18.114+0500][gc          ] GC(10) Pause Young (Normal) (G1 Evacuation Pause) 192M->148M(1024M) 89.114ms
[2022-06-03T14:40:18.114+0500][gc,cpu      ] GC(10) User=0.09s Sys=0.30s Real=0.09s
[2022-06-03T15:03:52.174+0500][gc,start    ] GC(11) Pause Young (Normal) (G1 Evacuation Pause)
[2022-06-03T15:03:52.175+0500][gc,task     ] GC(11) Using 8 workers of 8 for evacuation
[2022-06-03T15:03:52.217+0500][gc,mmu      ] GC(11) MMU target violated: 21.0ms (20.0ms/21.0ms)
[2022-06-03T15:03:52.218+0500][gc,phases   ] GC(11)   Pre Evacuate Collection Set: 3.9ms
[2022-06-03T15:03:52.218+0500][gc,phases   ] GC(11)   Merge Heap Roots: 1.3ms
[2022-06-03T15:03:52.218+0500][gc,phases   ] GC(11)   Evacuate Collection Set: 36.2ms
[2022-06-03T15:03:52.218+0500][gc,phases   ] GC(11)   Post Evacuate Collection Set: 1.2ms
[2022-06-03T15:03:52.218+0500][gc,phases   ] GC(11)   Other: 2.2ms
[2022-06-03T15:03:52.218+0500][gc,heap     ] GC(11) Eden regions: 45->0(48)
[2022-06-03T15:03:52.218+0500][gc,heap     ] GC(11) Survivor regions: 6->3(7)
[2022-06-03T15:03:52.218+0500][gc,heap     ] GC(11) Old regions: 14->16
[2022-06-03T15:03:52.218+0500][gc,heap     ] GC(11) Archive regions: 2->2
[2022-06-03T15:03:52.218+0500][gc,heap     ] GC(11) Humongous regions: 129->129
[2022-06-03T15:03:52.218+0500][gc,metaspace] GC(11) Metaspace: 42669K(43392K)->42669K(43392K) NonClass: 37736K(38144K)->37736K(38144K) Class: 4932K(5248K)->4932K(5248K)
[2022-06-03T15:03:52.218+0500][gc          ] GC(11) Pause Young (Normal) (G1 Evacuation Pause) 193M->148M(1024M) 44.180ms
[2022-06-03T15:03:52.218+0500][gc,cpu      ] GC(11) User=0.04s Sys=0.09s Real=0.04s
[2022-06-03T15:19:29.847+0500][gc,start    ] GC(12) Pause Young (Normal) (G1 Evacuation Pause)
[2022-06-03T15:19:29.848+0500][gc,task     ] GC(12) Using 8 workers of 8 for evacuation
[2022-06-03T15:19:29.910+0500][gc,mmu      ] GC(12) MMU target violated: 21.0ms (20.0ms/21.0ms)
[2022-06-03T15:19:29.910+0500][gc,phases   ] GC(12)   Pre Evacuate Collection Set: 4.3ms
[2022-06-03T15:19:29.910+0500][gc,phases   ] GC(12)   Merge Heap Roots: 0.4ms
[2022-06-03T15:19:29.910+0500][gc,phases   ] GC(12)   Evacuate Collection Set: 50.1ms
[2022-06-03T15:19:29.910+0500][gc,phases   ] GC(12)   Post Evacuate Collection Set: 6.4ms
[2022-06-03T15:19:29.910+0500][gc,phases   ] GC(12)   Other: 3.9ms
[2022-06-03T15:19:29.910+0500][gc,heap     ] GC(12) Eden regions: 48->0(48)
[2022-06-03T15:19:29.910+0500][gc,heap     ] GC(12) Survivor regions: 3->3(7)
[2022-06-03T15:19:29.910+0500][gc,heap     ] GC(12) Old regions: 16->16
[2022-06-03T15:19:29.910+0500][gc,heap     ] GC(12) Archive regions: 2->2
[2022-06-03T15:19:29.910+0500][gc,heap     ] GC(12) Humongous regions: 129->129
[2022-06-03T15:19:29.910+0500][gc,metaspace] GC(12) Metaspace: 42691K(43392K)->42691K(43392K) NonClass: 37758K(38144K)->37758K(38144K) Class: 4932K(5248K)->4932K(5248K)
[2022-06-03T15:19:29.910+0500][gc          ] GC(12) Pause Young (Normal) (G1 Evacuation Pause) 196M->147M(1024M) 63.655ms
[2022-06-03T15:19:29.911+0500][gc,cpu      ] GC(12) User=0.04s Sys=0.16s Real=0.07s
[2022-06-03T15:34:43.998+0500][gc,start    ] GC(13) Pause Young (Normal) (G1 Evacuation Pause)
[2022-06-03T15:34:43.999+0500][gc,task     ] GC(13) Using 8 workers of 8 for evacuation
[2022-06-03T15:34:44.061+0500][gc,mmu      ] GC(13) MMU target violated: 21.0ms (20.0ms/21.0ms)
[2022-06-03T15:34:44.061+0500][gc,phases   ] GC(13)   Pre Evacuate Collection Set: 2.7ms
[2022-06-03T15:34:44.061+0500][gc,phases   ] GC(13)   Merge Heap Roots: 0.5ms
[2022-06-03T15:34:44.061+0500][gc,phases   ] GC(13)   Evacuate Collection Set: 56.9ms
[2022-06-03T15:34:44.061+0500][gc,phases   ] GC(13)   Post Evacuate Collection Set: 1.6ms
[2022-06-03T15:34:44.062+0500][gc,phases   ] GC(13)   Other: 2.2ms
[2022-06-03T15:34:44.062+0500][gc,heap     ] GC(13) Eden regions: 48->0(47)
[2022-06-03T15:34:44.062+0500][gc,heap     ] GC(13) Survivor regions: 3->4(7)
[2022-06-03T15:34:44.062+0500][gc,heap     ] GC(13) Old regions: 16->16
[2022-06-03T15:34:44.062+0500][gc,heap     ] GC(13) Archive regions: 2->2
[2022-06-03T15:34:44.062+0500][gc,heap     ] GC(13) Humongous regions: 129->129
[2022-06-03T15:34:44.062+0500][gc,metaspace] GC(13) Metaspace: 42712K(43392K)->42712K(43392K) NonClass: 37779K(38144K)->37779K(38144K) Class: 4932K(5248K)->4932K(5248K)
[2022-06-03T15:34:44.063+0500][gc          ] GC(13) Pause Young (Normal) (G1 Evacuation Pause) 195M->148M(1024M) 64.756ms
[2022-06-03T15:34:44.063+0500][gc,cpu      ] GC(13) User=0.05s Sys=0.22s Real=0.07s
[2022-06-03T15:50:37.887+0500][gc,start    ] GC(14) Pause Young (Normal) (G1 Evacuation Pause)
[2022-06-03T15:50:37.888+0500][gc,task     ] GC(14) Using 8 workers of 8 for evacuation
[2022-06-03T15:50:37.925+0500][gc,mmu      ] GC(14) MMU target violated: 21.0ms (20.0ms/21.0ms)
[2022-06-03T15:50:37.925+0500][gc,phases   ] GC(14)   Pre Evacuate Collection Set: 3.3ms
[2022-06-03T15:50:37.925+0500][gc,phases   ] GC(14)   Merge Heap Roots: 2.1ms
[2022-06-03T15:50:37.925+0500][gc,phases   ] GC(14)   Evacuate Collection Set: 27.1ms
[2022-06-03T15:50:37.925+0500][gc,phases   ] GC(14)   Post Evacuate Collection Set: 2.9ms
[2022-06-03T15:50:37.925+0500][gc,phases   ] GC(14)   Other: 3.9ms
[2022-06-03T15:50:37.925+0500][gc,heap     ] GC(14) Eden regions: 47->0(48)
[2022-06-03T15:50:37.925+0500][gc,heap     ] GC(14) Survivor regions: 4->3(7)
[2022-06-03T15:50:37.925+0500][gc,heap     ] GC(14) Old regions: 16->16
[2022-06-03T15:50:37.925+0500][gc,heap     ] GC(14) Archive regions: 2->2
[2022-06-03T15:50:37.925+0500][gc,heap     ] GC(14) Humongous regions: 129->129
[2022-06-03T15:50:37.925+0500][gc,metaspace] GC(14) Metaspace: 42721K(43392K)->42721K(43392K) NonClass: 37788K(38144K)->37788K(38144K) Class: 4932K(5248K)->4932K(5248K)
[2022-06-03T15:50:37.925+0500][gc          ] GC(14) Pause Young (Normal) (G1 Evacuation Pause) 195M->148M(1024M) 37.706ms
[2022-06-03T15:50:37.925+0500][gc,cpu      ] GC(14) User=0.02s Sys=0.09s Real=0.04s
[2022-06-03T16:06:37.074+0500][gc,start    ] GC(15) Pause Young (Normal) (G1 Evacuation Pause)
[2022-06-03T16:06:37.074+0500][gc,task     ] GC(15) Using 8 workers of 8 for evacuation
[2022-06-03T16:06:37.108+0500][gc,mmu      ] GC(15) MMU target violated: 21.0ms (20.0ms/21.0ms)
[2022-06-03T16:06:37.108+0500][gc,phases   ] GC(15)   Pre Evacuate Collection Set: 3.5ms
[2022-06-03T16:06:37.108+0500][gc,phases   ] GC(15)   Merge Heap Roots: 1.0ms
[2022-06-03T16:06:37.108+0500][gc,phases   ] GC(15)   Evacuate Collection Set: 27.5ms
[2022-06-03T16:06:37.108+0500][gc,phases   ] GC(15)   Post Evacuate Collection Set: 1.2ms
[2022-06-03T16:06:37.108+0500][gc,phases   ] GC(15)   Other: 1.0ms
[2022-06-03T16:06:37.108+0500][gc,heap     ] GC(15) Eden regions: 48->0(48)
[2022-06-03T16:06:37.108+0500][gc,heap     ] GC(15) Survivor regions: 3->3(7)
[2022-06-03T16:06:37.108+0500][gc,heap     ] GC(15) Old regions: 16->16
[2022-06-03T16:06:37.108+0500][gc,heap     ] GC(15) Archive regions: 2->2
[2022-06-03T16:06:37.108+0500][gc,heap     ] GC(15) Humongous regions: 129->129
[2022-06-03T16:06:37.108+0500][gc,metaspace] GC(15) Metaspace: 42734K(43392K)->42734K(43392K) NonClass: 37801K(38144K)->37801K(38144K) Class: 4932K(5248K)->4932K(5248K)
[2022-06-03T16:06:37.109+0500][gc          ] GC(15) Pause Young (Normal) (G1 Evacuation Pause) 195M->148M(1024M) 35.064ms
[2022-06-03T16:06:37.109+0500][gc,cpu      ] GC(15) User=0.02s Sys=0.08s Real=0.03s
[2022-06-03T16:22:24.316+0500][gc,start    ] GC(16) Pause Young (Normal) (G1 Evacuation Pause)
[2022-06-03T16:22:24.318+0500][gc,task     ] GC(16) Using 8 workers of 8 for evacuation
[2022-06-03T16:22:24.442+0500][gc,mmu      ] GC(16) MMU target violated: 21.0ms (20.0ms/21.0ms)
[2022-06-03T16:22:24.442+0500][gc,phases   ] GC(16)   Pre Evacuate Collection Set: 7.9ms
[2022-06-03T16:22:24.442+0500][gc,phases   ] GC(16)   Merge Heap Roots: 0.7ms
[2022-06-03T16:22:24.442+0500][gc,phases   ] GC(16)   Evacuate Collection Set: 113.4ms
[2022-06-03T16:22:24.442+0500][gc,phases   ] GC(16)   Post Evacuate Collection Set: 1.4ms
[2022-06-03T16:22:24.442+0500][gc,phases   ] GC(16)   Other: 2.4ms
[2022-06-03T16:22:24.442+0500][gc,heap     ] GC(16) Eden regions: 48->0(46)
[2022-06-03T16:22:24.442+0500][gc,heap     ] GC(16) Survivor regions: 3->5(7)
[2022-06-03T16:22:24.442+0500][gc,heap     ] GC(16) Old regions: 16->16
[2022-06-03T16:22:24.442+0500][gc,heap     ] GC(16) Archive regions: 2->2
[2022-06-03T16:22:24.442+0500][gc,heap     ] GC(16) Humongous regions: 129->129
[2022-06-03T16:22:24.442+0500][gc,metaspace] GC(16) Metaspace: 42753K(43648K)->42753K(43648K) NonClass: 37820K(38400K)->37820K(38400K) Class: 4932K(5248K)->4932K(5248K)
[2022-06-03T16:22:24.442+0500][gc          ] GC(16) Pause Young (Normal) (G1 Evacuation Pause) 196M->149M(1024M) 125.741ms
[2022-06-03T16:22:24.442+0500][gc,cpu      ] GC(16) User=0.09s Sys=0.23s Real=0.13s
[2022-06-03T16:36:53.864+0500][gc,start    ] GC(17) Pause Young (Normal) (G1 Evacuation Pause)
[2022-06-03T16:36:53.865+0500][gc,task     ] GC(17) Using 8 workers of 8 for evacuation
[2022-06-03T16:36:53.895+0500][gc,mmu      ] GC(17) MMU target violated: 21.0ms (20.0ms/21.0ms)
[2022-06-03T16:36:53.895+0500][gc,phases   ] GC(17)   Pre Evacuate Collection Set: 1.4ms
[2022-06-03T16:36:53.895+0500][gc,phases   ] GC(17)   Merge Heap Roots: 0.3ms
[2022-06-03T16:36:53.895+0500][gc,phases   ] GC(17)   Evacuate Collection Set: 27.4ms
[2022-06-03T16:36:53.895+0500][gc,phases   ] GC(17)   Post Evacuate Collection Set: 1.0ms
[2022-06-03T16:36:53.895+0500][gc,phases   ] GC(17)   Other: 1.1ms
[2022-06-03T16:36:53.895+0500][gc,heap     ] GC(17) Eden regions: 46->0(47)
[2022-06-03T16:36:53.895+0500][gc,heap     ] GC(17) Survivor regions: 5->4(7)
[2022-06-03T16:36:53.895+0500][gc,heap     ] GC(17) Old regions: 16->16
[2022-06-03T16:36:53.895+0500][gc,heap     ] GC(17) Archive regions: 2->2
[2022-06-03T16:36:53.895+0500][gc,heap     ] GC(17) Humongous regions: 129->129
[2022-06-03T16:36:53.895+0500][gc,metaspace] GC(17) Metaspace: 42756K(43648K)->42756K(43648K) NonClass: 37823K(38400K)->37823K(38400K) Class: 4932K(5248K)->4932K(5248K)
[2022-06-03T16:36:53.896+0500][gc          ] GC(17) Pause Young (Normal) (G1 Evacuation Pause) 195M->149M(1024M) 32.219ms
[2022-06-03T16:36:53.896+0500][gc,cpu      ] GC(17) User=0.03s Sys=0.07s Real=0.03s
[2022-06-03T16:52:44.307+0500][gc,start    ] GC(18) Pause Young (Normal) (G1 Evacuation Pause)
[2022-06-03T16:52:44.309+0500][gc,task     ] GC(18) Using 8 workers of 8 for evacuation
[2022-06-03T16:52:44.395+0500][gc,mmu      ] GC(18) MMU target violated: 21.0ms (20.0ms/21.0ms)
[2022-06-03T16:52:44.395+0500][gc,phases   ] GC(18)   Pre Evacuate Collection Set: 6.8ms
[2022-06-03T16:52:44.395+0500][gc,phases   ] GC(18)   Merge Heap Roots: 0.4ms
[2022-06-03T16:52:44.395+0500][gc,phases   ] GC(18)   Evacuate Collection Set: 72.3ms
[2022-06-03T16:52:44.395+0500][gc,phases   ] GC(18)   Post Evacuate Collection Set: 5.7ms
[2022-06-03T16:52:44.396+0500][gc,phases   ] GC(18)   Other: 2.9ms
[2022-06-03T16:52:44.396+0500][gc,heap     ] GC(18) Eden regions: 47->0(47)
[2022-06-03T16:52:44.396+0500][gc,heap     ] GC(18) Survivor regions: 4->4(7)
[2022-06-03T16:52:44.396+0500][gc,heap     ] GC(18) Old regions: 16->16
[2022-06-03T16:52:44.396+0500][gc,heap     ] GC(18) Archive regions: 2->2
[2022-06-03T16:52:44.396+0500][gc,heap     ] GC(18) Humongous regions: 129->129
[2022-06-03T16:52:44.396+0500][gc,metaspace] GC(18) Metaspace: 42760K(43648K)->42760K(43648K) NonClass: 37827K(38400K)->37827K(38400K) Class: 4932K(5248K)->4932K(5248K)
[2022-06-03T16:52:44.396+0500][gc          ] GC(18) Pause Young (Normal) (G1 Evacuation Pause) 196M->148M(1024M) 88.583ms
[2022-06-03T16:52:44.396+0500][gc,cpu      ] GC(18) User=0.04s Sys=0.10s Real=0.09s
[2022-06-03T17:07:19.988+0500][gc,start    ] GC(19) Pause Young (Normal) (G1 Evacuation Pause)
[2022-06-03T17:07:19.989+0500][gc,task     ] GC(19) Using 8 workers of 8 for evacuation
[2022-06-03T17:07:20.012+0500][gc,mmu      ] GC(19) MMU target violated: 21.0ms (20.0ms/21.0ms)
[2022-06-03T17:07:20.012+0500][gc,phases   ] GC(19)   Pre Evacuate Collection Set: 0.9ms
[2022-06-03T17:07:20.012+0500][gc,phases   ] GC(19)   Merge Heap Roots: 0.2ms
[2022-06-03T17:07:20.012+0500][gc,phases   ] GC(19)   Evacuate Collection Set: 21.0ms
[2022-06-03T17:07:20.012+0500][gc,phases   ] GC(19)   Post Evacuate Collection Set: 1.0ms
[2022-06-03T17:07:20.013+0500][gc,phases   ] GC(19)   Other: 1.1ms
[2022-06-03T17:07:20.013+0500][gc,heap     ] GC(19) Eden regions: 47->0(48)
[2022-06-03T17:07:20.013+0500][gc,heap     ] GC(19) Survivor regions: 4->3(7)
[2022-06-03T17:07:20.013+0500][gc,heap     ] GC(19) Old regions: 16->16
[2022-06-03T17:07:20.013+0500][gc,heap     ] GC(19) Archive regions: 2->2
[2022-06-03T17:07:20.013+0500][gc,heap     ] GC(19) Humongous regions: 129->129
[2022-06-03T17:07:20.013+0500][gc,metaspace] GC(19) Metaspace: 42876K(43648K)->42876K(43648K) NonClass: 37924K(38400K)->37924K(38400K) Class: 4952K(5248K)->4952K(5248K)
[2022-06-03T17:07:20.013+0500][gc          ] GC(19) Pause Young (Normal) (G1 Evacuation Pause) 195M->148M(1024M) 25.016ms
[2022-06-03T17:07:20.013+0500][gc,cpu      ] GC(19) User=0.03s Sys=0.07s Real=0.03s
[2022-06-03T17:28:10.047+0500][gc,start    ] GC(20) Pause Young (Normal) (G1 Evacuation Pause)
[2022-06-03T17:28:10.051+0500][gc,task     ] GC(20) Using 8 workers of 8 for evacuation
[2022-06-03T17:28:10.339+0500][gc,mmu      ] GC(20) MMU target violated: 21.0ms (20.0ms/21.0ms)
[2022-06-03T17:28:10.342+0500][gc,phases   ] GC(20)   Pre Evacuate Collection Set: 20.4ms
[2022-06-03T17:28:10.343+0500][gc,phases   ] GC(20)   Merge Heap Roots: 7.5ms
[2022-06-03T17:28:10.343+0500][gc,phases   ] GC(20)   Evacuate Collection Set: 235.1ms
[2022-06-03T17:28:10.343+0500][gc,phases   ] GC(20)   Post Evacuate Collection Set: 16.0ms
[2022-06-03T17:28:10.345+0500][gc,phases   ] GC(20)   Other: 18.5ms
[2022-06-03T17:28:10.345+0500][gc,heap     ] GC(20) Eden regions: 48->0(48)
[2022-06-03T17:28:10.345+0500][gc,heap     ] GC(20) Survivor regions: 3->3(7)
[2022-06-03T17:28:10.345+0500][gc,heap     ] GC(20) Old regions: 16->16
[2022-06-03T17:28:10.346+0500][gc,heap     ] GC(20) Archive regions: 2->2
[2022-06-03T17:28:10.346+0500][gc,heap     ] GC(20) Humongous regions: 129->129
[2022-06-03T17:28:10.347+0500][gc,metaspace] GC(20) Metaspace: 42881K(43648K)->42881K(43648K) NonClass: 37929K(38400K)->37929K(38400K) Class: 4952K(5248K)->4952K(5248K)
[2022-06-03T17:28:10.348+0500][gc          ] GC(20) Pause Young (Normal) (G1 Evacuation Pause) 196M->148M(1024M) 300.419ms
[2022-06-03T17:28:10.348+0500][gc,cpu      ] GC(20) User=0.25s Sys=0.78s Real=0.30s
[2022-06-03T17:46:29.049+0500][gc,start    ] GC(21) Pause Young (Normal) (G1 Evacuation Pause)
[2022-06-03T17:46:29.050+0500][gc,task     ] GC(21) Using 8 workers of 8 for evacuation
[2022-06-03T17:46:29.099+0500][gc,mmu      ] GC(21) MMU target violated: 21.0ms (20.0ms/21.0ms)
[2022-06-03T17:46:29.099+0500][gc,phases   ] GC(21)   Pre Evacuate Collection Set: 3.9ms
[2022-06-03T17:46:29.099+0500][gc,phases   ] GC(21)   Merge Heap Roots: 0.8ms
[2022-06-03T17:46:29.100+0500][gc,phases   ] GC(21)   Evacuate Collection Set: 41.8ms
[2022-06-03T17:46:29.100+0500][gc,phases   ] GC(21)   Post Evacuate Collection Set: 2.4ms
[2022-06-03T17:46:29.100+0500][gc,phases   ] GC(21)   Other: 2.1ms
[2022-06-03T17:46:29.100+0500][gc,heap     ] GC(21) Eden regions: 48->0(47)
[2022-06-03T17:46:29.100+0500][gc,heap     ] GC(21) Survivor regions: 3->4(7)
[2022-06-03T17:46:29.100+0500][gc,heap     ] GC(21) Old regions: 16->16
[2022-06-03T17:46:29.100+0500][gc,heap     ] GC(21) Archive regions: 2->2
[2022-06-03T17:46:29.100+0500][gc,heap     ] GC(21) Humongous regions: 129->129
[2022-06-03T17:46:29.100+0500][gc,metaspace] GC(21) Metaspace: 42888K(43648K)->42888K(43648K) NonClass: 37935K(38400K)->37935K(38400K) Class: 4952K(5248K)->4952K(5248K)
[2022-06-03T17:46:29.100+0500][gc          ] GC(21) Pause Young (Normal) (G1 Evacuation Pause) 196M->149M(1024M) 51.216ms
[2022-06-03T17:46:29.100+0500][gc,cpu      ] GC(21) User=0.07s Sys=0.15s Real=0.06s
[2022-06-03T18:07:58.314+0500][gc,start    ] GC(22) Pause Young (Normal) (G1 Evacuation Pause)
[2022-06-03T18:07:58.316+0500][gc,task     ] GC(22) Using 8 workers of 8 for evacuation
[2022-06-03T18:07:58.348+0500][gc,mmu      ] GC(22) MMU target violated: 21.0ms (20.0ms/21.0ms)
[2022-06-03T18:07:58.348+0500][gc,phases   ] GC(22)   Pre Evacuate Collection Set: 5.6ms
[2022-06-03T18:07:58.348+0500][gc,phases   ] GC(22)   Merge Heap Roots: 1.4ms
[2022-06-03T18:07:58.348+0500][gc,phases   ] GC(22)   Evacuate Collection Set: 23.4ms
[2022-06-03T18:07:58.348+0500][gc,phases   ] GC(22)   Post Evacuate Collection Set: 1.2ms
[2022-06-03T18:07:58.348+0500][gc,phases   ] GC(22)   Other: 3.4ms
[2022-06-03T18:07:58.348+0500][gc,heap     ] GC(22) Eden regions: 47->0(47)
[2022-06-03T18:07:58.348+0500][gc,heap     ] GC(22) Survivor regions: 4->4(7)
[2022-06-03T18:07:58.348+0500][gc,heap     ] GC(22) Old regions: 16->17
[2022-06-03T18:07:58.348+0500][gc,heap     ] GC(22) Archive regions: 2->2
[2022-06-03T18:07:58.348+0500][gc,heap     ] GC(22) Humongous regions: 129->129
[2022-06-03T18:07:58.348+0500][gc,metaspace] GC(22) Metaspace: 42904K(43648K)->42904K(43648K) NonClass: 37952K(38400K)->37952K(38400K) Class: 4952K(5248K)->4952K(5248K)
[2022-06-03T18:07:58.348+0500][gc          ] GC(22) Pause Young (Normal) (G1 Evacuation Pause) 196M->149M(1024M) 33.929ms
[2022-06-03T18:07:58.348+0500][gc,cpu      ] GC(22) User=0.03s Sys=0.09s Real=0.03s
[2022-06-03T18:56:58.139+0500][gc,start    ] GC(23) Pause Young (Normal) (G1 Evacuation Pause)
[2022-06-03T18:56:58.140+0500][gc,task     ] GC(23) Using 8 workers of 8 for evacuation
[2022-06-03T18:56:58.269+0500][gc,mmu      ] GC(23) MMU target violated: 21.0ms (20.0ms/21.0ms)
[2022-06-03T18:56:58.270+0500][gc,phases   ] GC(23)   Pre Evacuate Collection Set: 6.0ms
[2022-06-03T18:56:58.270+0500][gc,phases   ] GC(23)   Merge Heap Roots: 2.7ms
[2022-06-03T18:56:58.270+0500][gc,phases   ] GC(23)   Evacuate Collection Set: 115.1ms
[2022-06-03T18:56:58.270+0500][gc,phases   ] GC(23)   Post Evacuate Collection Set: 4.9ms
[2022-06-03T18:56:58.270+0500][gc,phases   ] GC(23)   Other: 2.4ms
[2022-06-03T18:56:58.270+0500][gc,heap     ] GC(23) Eden regions: 47->0(47)
[2022-06-03T18:56:58.270+0500][gc,heap     ] GC(23) Survivor regions: 4->4(7)
[2022-06-03T18:56:58.270+0500][gc,heap     ] GC(23) Old regions: 17->17
[2022-06-03T18:56:58.270+0500][gc,heap     ] GC(23) Archive regions: 2->2
[2022-06-03T18:56:58.270+0500][gc,heap     ] GC(23) Humongous regions: 129->129
[2022-06-03T18:56:58.270+0500][gc,metaspace] GC(23) Metaspace: 42912K(43648K)->42912K(43648K) NonClass: 37959K(38400K)->37959K(38400K) Class: 4952K(5248K)->4952K(5248K)
[2022-06-03T18:56:58.272+0500][gc          ] GC(23) Pause Young (Normal) (G1 Evacuation Pause) 196M->148M(1024M) 133.218ms
[2022-06-03T18:56:58.272+0500][gc,cpu      ] GC(23) User=0.11s Sys=0.33s Real=0.14s
[2022-06-03T19:17:57.417+0500][gc,start    ] GC(24) Pause Young (Normal) (G1 Evacuation Pause)
[2022-06-03T19:17:57.418+0500][gc,task     ] GC(24) Using 8 workers of 8 for evacuation
[2022-06-03T19:17:57.486+0500][gc,mmu      ] GC(24) MMU target violated: 21.0ms (20.0ms/21.0ms)
[2022-06-03T19:17:57.486+0500][gc,phases   ] GC(24)   Pre Evacuate Collection Set: 6.6ms
[2022-06-03T19:17:57.486+0500][gc,phases   ] GC(24)   Merge Heap Roots: 3.3ms
[2022-06-03T19:17:57.486+0500][gc,phases   ] GC(24)   Evacuate Collection Set: 50.7ms
[2022-06-03T19:17:57.486+0500][gc,phases   ] GC(24)   Post Evacuate Collection Set: 6.5ms
[2022-06-03T19:17:57.486+0500][gc,phases   ] GC(24)   Other: 3.0ms
[2022-06-03T19:17:57.486+0500][gc,heap     ] GC(24) Eden regions: 47->0(47)
[2022-06-03T19:17:57.486+0500][gc,heap     ] GC(24) Survivor regions: 4->4(7)
[2022-06-03T19:17:57.486+0500][gc,heap     ] GC(24) Old regions: 17->17
[2022-06-03T19:17:57.486+0500][gc,heap     ] GC(24) Archive regions: 2->2
[2022-06-03T19:17:57.486+0500][gc,heap     ] GC(24) Humongous regions: 129->129
[2022-06-03T19:17:57.486+0500][gc,metaspace] GC(24) Metaspace: 42918K(43648K)->42918K(43648K) NonClass: 37966K(38400K)->37966K(38400K) Class: 4952K(5248K)->4952K(5248K)
[2022-06-03T19:17:57.486+0500][gc          ] GC(24) Pause Young (Normal) (G1 Evacuation Pause) 195M->148M(1024M) 69.193ms
[2022-06-03T19:17:57.487+0500][gc,cpu      ] GC(24) User=0.07s Sys=0.16s Real=0.07s
[2022-06-03T19:38:00.552+0500][gc,start    ] GC(25) Pause Young (Normal) (G1 Evacuation Pause)
[2022-06-03T19:38:00.552+0500][gc,task     ] GC(25) Using 8 workers of 8 for evacuation
[2022-06-03T19:38:00.592+0500][gc,mmu      ] GC(25) MMU target violated: 21.0ms (20.0ms/21.0ms)
[2022-06-03T19:38:00.592+0500][gc,phases   ] GC(25)   Pre Evacuate Collection Set: 2.9ms
[2022-06-03T19:38:00.592+0500][gc,phases   ] GC(25)   Merge Heap Roots: 1.3ms
[2022-06-03T19:38:00.592+0500][gc,phases   ] GC(25)   Evacuate Collection Set: 30.1ms
[2022-06-03T19:38:00.592+0500][gc,phases   ] GC(25)   Post Evacuate Collection Set: 3.3ms
[2022-06-03T19:38:00.592+0500][gc,phases   ] GC(25)   Other: 2.6ms
[2022-06-03T19:38:00.592+0500][gc,heap     ] GC(25) Eden regions: 47->0(48)
[2022-06-03T19:38:00.592+0500][gc,heap     ] GC(25) Survivor regions: 4->3(7)
[2022-06-03T19:38:00.592+0500][gc,heap     ] GC(25) Old regions: 17->17
[2022-06-03T19:38:00.592+0500][gc,heap     ] GC(25) Archive regions: 2->2
[2022-06-03T19:38:00.592+0500][gc,heap     ] GC(25) Humongous regions: 129->129
[2022-06-03T19:38:00.592+0500][gc,metaspace] GC(25) Metaspace: 42925K(43648K)->42925K(43648K) NonClass: 37972K(38400K)->37972K(38400K) Class: 4952K(5248K)->4952K(5248K)
[2022-06-03T19:38:00.592+0500][gc          ] GC(25) Pause Young (Normal) (G1 Evacuation Pause) 195M->148M(1024M) 40.334ms
[2022-06-03T19:38:00.592+0500][gc,cpu      ] GC(25) User=0.02s Sys=0.05s Real=0.04s
[2022-06-03T19:58:09.235+0500][gc,start    ] GC(26) Pause Young (Normal) (G1 Evacuation Pause)
[2022-06-03T19:58:09.236+0500][gc,task     ] GC(26) Using 8 workers of 8 for evacuation
[2022-06-03T19:58:09.292+0500][gc,mmu      ] GC(26) MMU target violated: 21.0ms (20.0ms/21.0ms)
[2022-06-03T19:58:09.292+0500][gc,phases   ] GC(26)   Pre Evacuate Collection Set: 3.3ms
[2022-06-03T19:58:09.292+0500][gc,phases   ] GC(26)   Merge Heap Roots: 1.5ms
[2022-06-03T19:58:09.292+0500][gc,phases   ] GC(26)   Evacuate Collection Set: 46.1ms
[2022-06-03T19:58:09.292+0500][gc,phases   ] GC(26)   Post Evacuate Collection Set: 4.3ms
[2022-06-03T19:58:09.292+0500][gc,phases   ] GC(26)   Other: 1.7ms
[2022-06-03T19:58:09.293+0500][gc,heap     ] GC(26) Eden regions: 48->0(48)
[2022-06-03T19:58:09.293+0500][gc,heap     ] GC(26) Survivor regions: 3->3(7)
[2022-06-03T19:58:09.293+0500][gc,heap     ] GC(26) Old regions: 17->17
[2022-06-03T19:58:09.293+0500][gc,heap     ] GC(26) Archive regions: 2->2
[2022-06-03T19:58:09.293+0500][gc,heap     ] GC(26) Humongous regions: 129->129
[2022-06-03T19:58:09.293+0500][gc,metaspace] GC(26) Metaspace: 42925K(43648K)->42925K(43648K) NonClass: 37973K(38400K)->37973K(38400K) Class: 4952K(5248K)->4952K(5248K)
[2022-06-03T19:58:09.293+0500][gc          ] GC(26) Pause Young (Normal) (G1 Evacuation Pause) 196M->148M(1024M) 57.652ms
[2022-06-03T19:58:09.293+0500][gc,cpu      ] GC(26) User=0.05s Sys=0.13s Real=0.06s
[2022-06-03T20:18:47.403+0500][gc,start    ] GC(27) Pause Young (Normal) (G1 Evacuation Pause)
[2022-06-03T20:18:47.403+0500][gc,task     ] GC(27) Using 8 workers of 8 for evacuation
[2022-06-03T20:18:47.417+0500][gc,phases   ] GC(27)   Pre Evacuate Collection Set: 0.4ms
[2022-06-03T20:18:47.417+0500][gc,phases   ] GC(27)   Merge Heap Roots: 0.2ms
[2022-06-03T20:18:47.417+0500][gc,phases   ] GC(27)   Evacuate Collection Set: 11.6ms
[2022-06-03T20:18:47.417+0500][gc,phases   ] GC(27)   Post Evacuate Collection Set: 0.5ms
[2022-06-03T20:18:47.417+0500][gc,phases   ] GC(27)   Other: 2.1ms
[2022-06-03T20:18:47.417+0500][gc,heap     ] GC(27) Eden regions: 48->0(48)
[2022-06-03T20:18:47.417+0500][gc,heap     ] GC(27) Survivor regions: 3->3(7)
[2022-06-03T20:18:47.417+0500][gc,heap     ] GC(27) Old regions: 17->17
[2022-06-03T20:18:47.418+0500][gc,heap     ] GC(27) Archive regions: 2->2
[2022-06-03T20:18:47.418+0500][gc,heap     ] GC(27) Humongous regions: 129->129
[2022-06-03T20:18:47.418+0500][gc,metaspace] GC(27) Metaspace: 42927K(43648K)->42927K(43648K) NonClass: 37975K(38400K)->37975K(38400K) Class: 4952K(5248K)->4952K(5248K)
[2022-06-03T20:18:47.418+0500][gc          ] GC(27) Pause Young (Normal) (G1 Evacuation Pause) 196M->148M(1024M) 14.987ms
[2022-06-03T20:18:47.418+0500][gc,cpu      ] GC(27) User=0.03s Sys=0.03s Real=0.01s
[2022-06-03T20:39:40.297+0500][gc,start    ] GC(28) Pause Young (Normal) (G1 Evacuation Pause)
[2022-06-03T20:39:40.298+0500][gc,task     ] GC(28) Using 8 workers of 8 for evacuation
[2022-06-03T20:39:40.344+0500][gc,mmu      ] GC(28) MMU target violated: 21.0ms (20.0ms/21.0ms)
[2022-06-03T20:39:40.344+0500][gc,phases   ] GC(28)   Pre Evacuate Collection Set: 9.3ms
[2022-06-03T20:39:40.344+0500][gc,phases   ] GC(28)   Merge Heap Roots: 1.5ms
[2022-06-03T20:39:40.344+0500][gc,phases   ] GC(28)   Evacuate Collection Set: 29.2ms
[2022-06-03T20:39:40.344+0500][gc,phases   ] GC(28)   Post Evacuate Collection Set: 5.3ms
[2022-06-03T20:39:40.345+0500][gc,phases   ] GC(28)   Other: 3.1ms
[2022-06-03T20:39:40.345+0500][gc,heap     ] GC(28) Eden regions: 48->0(48)
[2022-06-03T20:39:40.346+0500][gc,heap     ] GC(28) Survivor regions: 3->3(7)
[2022-06-03T20:39:40.346+0500][gc,heap     ] GC(28) Old regions: 17->17
[2022-06-03T20:39:40.346+0500][gc,heap     ] GC(28) Archive regions: 2->2
[2022-06-03T20:39:40.346+0500][gc,heap     ] GC(28) Humongous regions: 129->129
[2022-06-03T20:39:40.346+0500][gc,metaspace] GC(28) Metaspace: 42932K(43648K)->42932K(43648K) NonClass: 37979K(38400K)->37979K(38400K) Class: 4952K(5248K)->4952K(5248K)
[2022-06-03T20:39:40.346+0500][gc          ] GC(28) Pause Young (Normal) (G1 Evacuation Pause) 196M->148M(1024M) 48.655ms
[2022-06-03T20:39:40.346+0500][gc,cpu      ] GC(28) User=0.05s Sys=0.12s Real=0.05s
[2022-06-03T21:10:28.161+0500][gc,start    ] GC(29) Pause Young (Normal) (G1 Evacuation Pause)
[2022-06-03T21:10:28.168+0500][gc,task     ] GC(29) Using 8 workers of 8 for evacuation
[2022-06-03T21:10:29.038+0500][gc,mmu      ] GC(29) MMU target violated: 21.0ms (20.0ms/21.0ms)
[2022-06-03T21:10:29.039+0500][gc,phases   ] GC(29)   Pre Evacuate Collection Set: 33.6ms
[2022-06-03T21:10:29.040+0500][gc,phases   ] GC(29)   Merge Heap Roots: 13.9ms
[2022-06-03T21:10:29.040+0500][gc,phases   ] GC(29)   Evacuate Collection Set: 689.3ms
[2022-06-03T21:10:29.040+0500][gc,phases   ] GC(29)   Post Evacuate Collection Set: 127.2ms
[2022-06-03T21:10:29.052+0500][gc,phases   ] GC(29)   Other: 15.7ms
[2022-06-03T21:10:29.053+0500][gc,heap     ] GC(29) Eden regions: 48->0(47)
[2022-06-03T21:10:29.053+0500][gc,heap     ] GC(29) Survivor regions: 3->4(7)
[2022-06-03T21:10:29.053+0500][gc,heap     ] GC(29) Old regions: 17->17
[2022-06-03T21:10:29.054+0500][gc,heap     ] GC(29) Archive regions: 2->2
[2022-06-03T21:10:29.055+0500][gc,heap     ] GC(29) Humongous regions: 129->129
[2022-06-03T21:10:29.055+0500][gc,metaspace] GC(29) Metaspace: 42933K(43648K)->42933K(43648K) NonClass: 37980K(38400K)->37980K(38400K) Class: 4952K(5248K)->4952K(5248K)
[2022-06-03T21:10:29.057+0500][gc          ] GC(29) Pause Young (Normal) (G1 Evacuation Pause) 196M->149M(1024M) 896.382ms
[2022-06-03T21:10:29.058+0500][gc,cpu      ] GC(29) User=0.29s Sys=1.11s Real=0.89s
[2022-06-03T21:26:28.472+0500][gc,start    ] GC(30) Pause Young (Normal) (G1 Evacuation Pause)
[2022-06-03T21:26:28.489+0500][gc,task     ] GC(30) Using 8 workers of 8 for evacuation
[2022-06-03T21:26:29.199+0500][gc,mmu      ] GC(30) MMU target violated: 21.0ms (20.0ms/21.0ms)
[2022-06-03T21:26:29.200+0500][gc,phases   ] GC(30)   Pre Evacuate Collection Set: 52.0ms
[2022-06-03T21:26:29.201+0500][gc,phases   ] GC(30)   Merge Heap Roots: 23.8ms
[2022-06-03T21:26:29.201+0500][gc,phases   ] GC(30)   Evacuate Collection Set: 593.0ms
[2022-06-03T21:26:29.201+0500][gc,phases   ] GC(30)   Post Evacuate Collection Set: 31.6ms
[2022-06-03T21:26:29.205+0500][gc,phases   ] GC(30)   Other: 28.8ms
[2022-06-03T21:26:29.206+0500][gc,heap     ] GC(30) Eden regions: 47->0(47)
[2022-06-03T21:26:29.206+0500][gc,heap     ] GC(30) Survivor regions: 4->4(7)
[2022-06-03T21:26:29.207+0500][gc,heap     ] GC(30) Old regions: 17->17
[2022-06-03T21:26:29.208+0500][gc,heap     ] GC(30) Archive regions: 2->2
[2022-06-03T21:26:29.209+0500][gc,heap     ] GC(30) Humongous regions: 129->129
[2022-06-03T21:26:29.209+0500][gc,metaspace] GC(30) Metaspace: 42954K(43648K)->42954K(43648K) NonClass: 38001K(38400K)->38001K(38400K) Class: 4952K(5248K)->4952K(5248K)
[2022-06-03T21:26:29.210+0500][gc          ] GC(30) Pause Young (Normal) (G1 Evacuation Pause) 196M->149M(1024M) 737.497ms
[2022-06-03T21:26:29.211+0500][gc,cpu      ] GC(30) User=0.27s Sys=0.98s Real=0.74s
[2022-06-03T21:42:25.667+0500][gc,start    ] GC(31) Pause Young (Normal) (G1 Evacuation Pause)
[2022-06-03T21:42:25.670+0500][gc,task     ] GC(31) Using 8 workers of 8 for evacuation
[2022-06-03T21:42:26.095+0500][gc,mmu      ] GC(31) MMU target violated: 21.0ms (20.0ms/21.0ms)
[2022-06-03T21:42:26.096+0500][gc,phases   ] GC(31)   Pre Evacuate Collection Set: 32.8ms
[2022-06-03T21:42:26.097+0500][gc,phases   ] GC(31)   Merge Heap Roots: 5.7ms
[2022-06-03T21:42:26.097+0500][gc,phases   ] GC(31)   Evacuate Collection Set: 353.6ms
[2022-06-03T21:42:26.097+0500][gc,phases   ] GC(31)   Post Evacuate Collection Set: 27.8ms
[2022-06-03T21:42:26.098+0500][gc,phases   ] GC(31)   Other: 10.4ms
[2022-06-03T21:42:26.098+0500][gc,heap     ] GC(31) Eden regions: 47->0(47)
[2022-06-03T21:42:26.099+0500][gc,heap     ] GC(31) Survivor regions: 4->4(7)
[2022-06-03T21:42:26.099+0500][gc,heap     ] GC(31) Old regions: 17->17
[2022-06-03T21:42:26.099+0500][gc,heap     ] GC(31) Archive regions: 2->2
[2022-06-03T21:42:26.099+0500][gc,heap     ] GC(31) Humongous regions: 129->129
[2022-06-03T21:42:26.100+0500][gc,metaspace] GC(31) Metaspace: 42959K(43648K)->42959K(43648K) NonClass: 38006K(38400K)->38006K(38400K) Class: 4952K(5248K)->4952K(5248K)
[2022-06-03T21:42:26.100+0500][gc          ] GC(31) Pause Young (Normal) (G1 Evacuation Pause) 196M->148M(1024M) 433.220ms
[2022-06-03T21:42:26.101+0500][gc,cpu      ] GC(31) User=0.25s Sys=1.10s Real=0.44s
[2022-06-03T21:57:48.527+0500][gc,start    ] GC(32) Pause Young (Normal) (G1 Evacuation Pause)
[2022-06-03T21:57:48.532+0500][gc,task     ] GC(32) Using 8 workers of 8 for evacuation
[2022-06-03T21:57:48.700+0500][gc,mmu      ] GC(32) MMU target violated: 21.0ms (20.0ms/21.0ms)
[2022-06-03T21:57:48.701+0500][gc,phases   ] GC(32)   Pre Evacuate Collection Set: 9.4ms
[2022-06-03T21:57:48.702+0500][gc,phases   ] GC(32)   Merge Heap Roots: 3.7ms
[2022-06-03T21:57:48.702+0500][gc,phases   ] GC(32)   Evacuate Collection Set: 127.2ms
[2022-06-03T21:57:48.703+0500][gc,phases   ] GC(32)   Post Evacuate Collection Set: 5.6ms
[2022-06-03T21:57:48.704+0500][gc,phases   ] GC(32)   Other: 35.6ms
[2022-06-03T21:57:48.704+0500][gc,heap     ] GC(32) Eden regions: 47->0(48)
[2022-06-03T21:57:48.704+0500][gc,heap     ] GC(32) Survivor regions: 4->3(7)
[2022-06-03T21:57:48.704+0500][gc,heap     ] GC(32) Old regions: 17->17
[2022-06-03T21:57:48.705+0500][gc,heap     ] GC(32) Archive regions: 2->2
[2022-06-03T21:57:48.705+0500][gc,heap     ] GC(32) Humongous regions: 129->129
[2022-06-03T21:57:48.705+0500][gc,metaspace] GC(32) Metaspace: 42960K(43648K)->42960K(43648K) NonClass: 38007K(38400K)->38007K(38400K) Class: 4952K(5248K)->4952K(5248K)
[2022-06-03T21:57:48.706+0500][gc          ] GC(32) Pause Young (Normal) (G1 Evacuation Pause) 195M->148M(1024M) 183.939ms
[2022-06-03T21:57:48.706+0500][gc,cpu      ] GC(32) User=0.18s Sys=0.37s Real=0.18s
[2022-06-03T22:13:52.170+0500][gc,start    ] GC(33) Pause Young (Normal) (G1 Evacuation Pause)
[2022-06-03T22:13:52.174+0500][gc,task     ] GC(33) Using 8 workers of 8 for evacuation
[2022-06-03T22:13:52.484+0500][gc,mmu      ] GC(33) MMU target violated: 21.0ms (20.0ms/21.0ms)
[2022-06-03T22:13:52.484+0500][gc,phases   ] GC(33)   Pre Evacuate Collection Set: 31.0ms
[2022-06-03T22:13:52.485+0500][gc,phases   ] GC(33)   Merge Heap Roots: 3.1ms
[2022-06-03T22:13:52.485+0500][gc,phases   ] GC(33)   Evacuate Collection Set: 232.1ms
[2022-06-03T22:13:52.486+0500][gc,phases   ] GC(33)   Post Evacuate Collection Set: 36.6ms
[2022-06-03T22:13:52.487+0500][gc,phases   ] GC(33)   Other: 12.7ms
[2022-06-03T22:13:52.487+0500][gc,heap     ] GC(33) Eden regions: 48->0(48)
[2022-06-03T22:13:52.487+0500][gc,heap     ] GC(33) Survivor regions: 3->3(7)
[2022-06-03T22:13:52.488+0500][gc,heap     ] GC(33) Old regions: 17->17
[2022-06-03T22:13:52.488+0500][gc,heap     ] GC(33) Archive regions: 2->2
[2022-06-03T22:13:52.489+0500][gc,heap     ] GC(33) Humongous regions: 129->129
[2022-06-03T22:13:52.489+0500][gc,metaspace] GC(33) Metaspace: 42961K(43648K)->42961K(43648K) NonClass: 38009K(38400K)->38009K(38400K) Class: 4952K(5248K)->4952K(5248K)
[2022-06-03T22:13:52.490+0500][gc          ] GC(33) Pause Young (Normal) (G1 Evacuation Pause) 196M->148M(1024M) 319.951ms
[2022-06-03T22:13:52.491+0500][gc,cpu      ] GC(33) User=0.22s Sys=0.66s Real=0.32s
[2022-06-03T22:30:08.687+0500][gc,start    ] GC(34) Pause Young (Normal) (G1 Evacuation Pause)
[2022-06-03T22:30:08.692+0500][gc,task     ] GC(34) Using 8 workers of 8 for evacuation
[2022-06-03T22:30:08.781+0500][gc,mmu      ] GC(34) MMU target violated: 21.0ms (20.0ms/21.0ms)
[2022-06-03T22:30:08.782+0500][gc,phases   ] GC(34)   Pre Evacuate Collection Set: 5.5ms
[2022-06-03T22:30:08.782+0500][gc,phases   ] GC(34)   Merge Heap Roots: 0.6ms
[2022-06-03T22:30:08.783+0500][gc,phases   ] GC(34)   Evacuate Collection Set: 59.8ms
[2022-06-03T22:30:08.783+0500][gc,phases   ] GC(34)   Post Evacuate Collection Set: 17.0ms
[2022-06-03T22:30:08.783+0500][gc,phases   ] GC(34)   Other: 15.8ms
[2022-06-03T22:30:08.783+0500][gc,heap     ] GC(34) Eden regions: 48->0(48)
[2022-06-03T22:30:08.784+0500][gc,heap     ] GC(34) Survivor regions: 3->3(7)
[2022-06-03T22:30:08.784+0500][gc,heap     ] GC(34) Old regions: 17->17
[2022-06-03T22:30:08.784+0500][gc,heap     ] GC(34) Archive regions: 2->2
[2022-06-03T22:30:08.784+0500][gc,heap     ] GC(34) Humongous regions: 129->129
[2022-06-03T22:30:08.784+0500][gc,metaspace] GC(34) Metaspace: 42962K(43648K)->42962K(43648K) NonClass: 38009K(38400K)->38009K(38400K) Class: 4952K(5248K)->4952K(5248K)
[2022-06-03T22:30:08.788+0500][gc          ] GC(34) Pause Young (Normal) (G1 Evacuation Pause) 196M->148M(1024M) 100.942ms
[2022-06-03T22:30:08.788+0500][gc,cpu      ] GC(34) User=0.16s Sys=0.20s Real=0.10s
[2022-06-03T22:46:33.807+0500][gc,start    ] GC(35) Pause Young (Normal) (G1 Evacuation Pause)
[2022-06-03T22:46:33.810+0500][gc,task     ] GC(35) Using 8 workers of 8 for evacuation
[2022-06-03T22:46:34.183+0500][gc,mmu      ] GC(35) MMU target violated: 21.0ms (20.0ms/21.0ms)
[2022-06-03T22:46:34.183+0500][gc,phases   ] GC(35)   Pre Evacuate Collection Set: 32.3ms
[2022-06-03T22:46:34.184+0500][gc,phases   ] GC(35)   Merge Heap Roots: 11.1ms
[2022-06-03T22:46:34.184+0500][gc,phases   ] GC(35)   Evacuate Collection Set: 291.2ms
[2022-06-03T22:46:34.184+0500][gc,phases   ] GC(35)   Post Evacuate Collection Set: 26.4ms
[2022-06-03T22:46:34.184+0500][gc,phases   ] GC(35)   Other: 24.8ms
[2022-06-03T22:46:34.185+0500][gc,heap     ] GC(35) Eden regions: 48->0(48)
[2022-06-03T22:46:34.185+0500][gc,heap     ] GC(35) Survivor regions: 3->3(7)
[2022-06-03T22:46:34.185+0500][gc,heap     ] GC(35) Old regions: 17->17
[2022-06-03T22:46:34.185+0500][gc,heap     ] GC(35) Archive regions: 2->2
[2022-06-03T22:46:34.185+0500][gc,heap     ] GC(35) Humongous regions: 129->129
[2022-06-03T22:46:34.185+0500][gc,metaspace] GC(35) Metaspace: 42967K(43648K)->42967K(43648K) NonClass: 38014K(38400K)->38014K(38400K) Class: 4952K(5248K)->4952K(5248K)
[2022-06-03T22:46:34.191+0500][gc          ] GC(35) Pause Young (Normal) (G1 Evacuation Pause) 196M->148M(1024M) 381.446ms
[2022-06-03T22:46:34.191+0500][gc,cpu      ] GC(35) User=0.21s Sys=0.94s Real=0.39s
[2022-06-03T23:02:01.315+0500][gc,start    ] GC(36) Pause Young (Normal) (G1 Evacuation Pause)
[2022-06-03T23:02:01.320+0500][gc,task     ] GC(36) Using 8 workers of 8 for evacuation
[2022-06-03T23:02:02.677+0500][gc,mmu      ] GC(36) MMU target violated: 21.0ms (20.0ms/21.0ms)
[2022-06-03T23:02:02.678+0500][gc,phases   ] GC(36)   Pre Evacuate Collection Set: 25.9ms
[2022-06-03T23:02:02.678+0500][gc,phases   ] GC(36)   Merge Heap Roots: 2.6ms
[2022-06-03T23:02:02.679+0500][gc,phases   ] GC(36)   Evacuate Collection Set: 1296.6ms
[2022-06-03T23:02:02.679+0500][gc,phases   ] GC(36)   Post Evacuate Collection Set: 30.2ms
[2022-06-03T23:02:02.680+0500][gc,phases   ] GC(36)   Other: 8.9ms
[2022-06-03T23:02:02.680+0500][gc,heap     ] GC(36) Eden regions: 48->0(47)
[2022-06-03T23:02:02.680+0500][gc,heap     ] GC(36) Survivor regions: 3->4(7)
[2022-06-03T23:02:02.680+0500][gc,heap     ] GC(36) Old regions: 17->17
[2022-06-03T23:02:02.680+0500][gc,heap     ] GC(36) Archive regions: 2->2
[2022-06-03T23:02:02.680+0500][gc,heap     ] GC(36) Humongous regions: 129->129
[2022-06-03T23:02:02.681+0500][gc,metaspace] GC(36) Metaspace: 42978K(43648K)->42978K(43648K) NonClass: 38023K(38400K)->38023K(38400K) Class: 4955K(5248K)->4955K(5248K)
[2022-06-03T23:02:02.682+0500][gc          ] GC(36) Pause Young (Normal) (G1 Evacuation Pause) 196M->149M(1024M) 1366.720ms
[2022-06-03T23:02:02.682+0500][gc,cpu      ] GC(36) User=0.71s Sys=1.85s Real=1.37s
[2022-06-03T23:21:51.162+0500][gc,start    ] GC(37) Pause Young (Normal) (G1 Evacuation Pause)
[2022-06-03T23:21:51.164+0500][gc,task     ] GC(37) Using 8 workers of 8 for evacuation
[2022-06-03T23:21:51.417+0500][gc,mmu      ] GC(37) MMU target violated: 21.0ms (20.0ms/21.0ms)
[2022-06-03T23:21:51.417+0500][gc,phases   ] GC(37)   Pre Evacuate Collection Set: 11.5ms
[2022-06-03T23:21:51.417+0500][gc,phases   ] GC(37)   Merge Heap Roots: 5.3ms
[2022-06-03T23:21:51.417+0500][gc,phases   ] GC(37)   Evacuate Collection Set: 228.1ms
[2022-06-03T23:21:51.417+0500][gc,phases   ] GC(37)   Post Evacuate Collection Set: 5.0ms
[2022-06-03T23:21:51.417+0500][gc,phases   ] GC(37)   Other: 5.7ms
[2022-06-03T23:21:51.417+0500][gc,heap     ] GC(37) Eden regions: 47->0(47)
[2022-06-03T23:21:51.417+0500][gc,heap     ] GC(37) Survivor regions: 4->4(7)
[2022-06-03T23:21:51.417+0500][gc,heap     ] GC(37) Old regions: 17->17
[2022-06-03T23:21:51.417+0500][gc,heap     ] GC(37) Archive regions: 2->2
[2022-06-03T23:21:51.418+0500][gc,heap     ] GC(37) Humongous regions: 129->129
[2022-06-03T23:21:51.418+0500][gc,metaspace] GC(37) Metaspace: 42981K(43648K)->42981K(43648K) NonClass: 38025K(38400K)->38025K(38400K) Class: 4955K(5248K)->4955K(5248K)
[2022-06-03T23:21:51.419+0500][gc          ] GC(37) Pause Young (Normal) (G1 Evacuation Pause) 196M->149M(1024M) 256.839ms
[2022-06-03T23:21:51.419+0500][gc,cpu      ] GC(37) User=0.12s Sys=0.44s Real=0.25s
[2022-06-03T23:41:46.303+0500][gc,start    ] GC(38) Pause Young (Normal) (G1 Evacuation Pause)
[2022-06-03T23:41:46.304+0500][gc,task     ] GC(38) Using 8 workers of 8 for evacuation
[2022-06-03T23:41:46.463+0500][gc,mmu      ] GC(38) MMU target violated: 21.0ms (20.0ms/21.0ms)
[2022-06-03T23:41:46.463+0500][gc,phases   ] GC(38)   Pre Evacuate Collection Set: 7.1ms
[2022-06-03T23:41:46.463+0500][gc,phases   ] GC(38)   Merge Heap Roots: 0.8ms
[2022-06-03T23:41:46.463+0500][gc,phases   ] GC(38)   Evacuate Collection Set: 139.7ms
[2022-06-03T23:41:46.463+0500][gc,phases   ] GC(38)   Post Evacuate Collection Set: 9.9ms
[2022-06-03T23:41:46.463+0500][gc,phases   ] GC(38)   Other: 4.3ms
[2022-06-03T23:41:46.463+0500][gc,heap     ] GC(38) Eden regions: 47->0(47)
[2022-06-03T23:41:46.463+0500][gc,heap     ] GC(38) Survivor regions: 4->4(7)
[2022-06-03T23:41:46.463+0500][gc,heap     ] GC(38) Old regions: 17->17
[2022-06-03T23:41:46.463+0500][gc,heap     ] GC(38) Archive regions: 2->2
[2022-06-03T23:41:46.463+0500][gc,heap     ] GC(38) Humongous regions: 129->129
[2022-06-03T23:41:46.463+0500][gc,metaspace] GC(38) Metaspace: 42989K(43648K)->42989K(43648K) NonClass: 38033K(38400K)->38033K(38400K) Class: 4955K(5248K)->4955K(5248K)
[2022-06-03T23:41:46.464+0500][gc          ] GC(38) Pause Young (Normal) (G1 Evacuation Pause) 196M->149M(1024M) 160.655ms
[2022-06-03T23:41:46.464+0500][gc,cpu      ] GC(38) User=0.10s Sys=0.32s Real=0.16s
[2022-06-04T00:02:12.502+0500][gc,start    ] GC(39) Pause Young (Normal) (G1 Evacuation Pause)
[2022-06-04T00:02:12.505+0500][gc,task     ] GC(39) Using 8 workers of 8 for evacuation
[2022-06-04T00:02:12.627+0500][gc,mmu      ] GC(39) MMU target violated: 21.0ms (20.0ms/21.0ms)
[2022-06-04T00:02:12.627+0500][gc,phases   ] GC(39)   Pre Evacuate Collection Set: 25.2ms
[2022-06-04T00:02:12.627+0500][gc,phases   ] GC(39)   Merge Heap Roots: 2.7ms
[2022-06-04T00:02:12.627+0500][gc,phases   ] GC(39)   Evacuate Collection Set: 81.1ms
[2022-06-04T00:02:12.627+0500][gc,phases   ] GC(39)   Post Evacuate Collection Set: 7.0ms
[2022-06-04T00:02:12.627+0500][gc,phases   ] GC(39)   Other: 11.1ms
[2022-06-04T00:02:12.627+0500][gc,heap     ] GC(39) Eden regions: 47->0(48)
[2022-06-04T00:02:12.627+0500][gc,heap     ] GC(39) Survivor regions: 4->3(7)
[2022-06-04T00:02:12.627+0500][gc,heap     ] GC(39) Old regions: 17->17
[2022-06-04T00:02:12.627+0500][gc,heap     ] GC(39) Archive regions: 2->2
[2022-06-04T00:02:12.627+0500][gc,heap     ] GC(39) Humongous regions: 129->129
[2022-06-04T00:02:12.627+0500][gc,metaspace] GC(39) Metaspace: 42989K(43648K)->42989K(43648K) NonClass: 38034K(38400K)->38034K(38400K) Class: 4955K(5248K)->4955K(5248K)
[2022-06-04T00:02:12.628+0500][gc          ] GC(39) Pause Young (Normal) (G1 Evacuation Pause) 196M->148M(1024M) 125.309ms
[2022-06-04T00:02:12.628+0500][gc,cpu      ] GC(39) User=0.07s Sys=0.33s Real=0.12s
[2022-06-04T00:21:23.149+0500][gc,start    ] GC(40) Pause Young (Normal) (G1 Evacuation Pause)
[2022-06-04T00:21:23.151+0500][gc,task     ] GC(40) Using 8 workers of 8 for evacuation
[2022-06-04T00:21:23.218+0500][gc,mmu      ] GC(40) MMU target violated: 21.0ms (20.0ms/21.0ms)
[2022-06-04T00:21:23.218+0500][gc,phases   ] GC(40)   Pre Evacuate Collection Set: 12.8ms
[2022-06-04T00:21:23.218+0500][gc,phases   ] GC(40)   Merge Heap Roots: 1.4ms
[2022-06-04T00:21:23.218+0500][gc,phases   ] GC(40)   Evacuate Collection Set: 46.8ms
[2022-06-04T00:21:23.218+0500][gc,phases   ] GC(40)   Post Evacuate Collection Set: 4.8ms
[2022-06-04T00:21:23.218+0500][gc,phases   ] GC(40)   Other: 5.6ms
[2022-06-04T00:21:23.218+0500][gc,heap     ] GC(40) Eden regions: 48->0(48)
[2022-06-04T00:21:23.218+0500][gc,heap     ] GC(40) Survivor regions: 3->3(7)
[2022-06-04T00:21:23.218+0500][gc,heap     ] GC(40) Old regions: 17->17
[2022-06-04T00:21:23.219+0500][gc,heap     ] GC(40) Archive regions: 2->2
[2022-06-04T00:21:23.219+0500][gc,heap     ] GC(40) Humongous regions: 129->129
[2022-06-04T00:21:23.219+0500][gc,metaspace] GC(40) Metaspace: 42999K(43904K)->42999K(43904K) NonClass: 38043K(38656K)->38043K(38656K) Class: 4955K(5248K)->4955K(5248K)
[2022-06-04T00:21:23.219+0500][gc          ] GC(40) Pause Young (Normal) (G1 Evacuation Pause) 196M->148M(1024M) 69.394ms
[2022-06-04T00:21:23.219+0500][gc,cpu      ] GC(40) User=0.04s Sys=0.19s Real=0.07s
[2022-06-04T00:42:42.271+0500][gc,start    ] GC(41) Pause Young (Normal) (G1 Evacuation Pause)
[2022-06-04T00:42:42.273+0500][gc,task     ] GC(41) Using 8 workers of 8 for evacuation
[2022-06-04T00:42:42.318+0500][gc,mmu      ] GC(41) MMU target violated: 21.0ms (20.0ms/21.0ms)
[2022-06-04T00:42:42.318+0500][gc,phases   ] GC(41)   Pre Evacuate Collection Set: 3.8ms
[2022-06-04T00:42:42.318+0500][gc,phases   ] GC(41)   Merge Heap Roots: 1.0ms
[2022-06-04T00:42:42.318+0500][gc,phases   ] GC(41)   Evacuate Collection Set: 37.2ms
[2022-06-04T00:42:42.318+0500][gc,phases   ] GC(41)   Post Evacuate Collection Set: 2.6ms
[2022-06-04T00:42:42.318+0500][gc,phases   ] GC(41)   Other: 3.5ms
[2022-06-04T00:42:42.318+0500][gc,heap     ] GC(41) Eden regions: 48->0(48)
[2022-06-04T00:42:42.318+0500][gc,heap     ] GC(41) Survivor regions: 3->3(7)
[2022-06-04T00:42:42.318+0500][gc,heap     ] GC(41) Old regions: 17->17
[2022-06-04T00:42:42.318+0500][gc,heap     ] GC(41) Archive regions: 2->2
[2022-06-04T00:42:42.318+0500][gc,heap     ] GC(41) Humongous regions: 129->129
[2022-06-04T00:42:42.318+0500][gc,metaspace] GC(41) Metaspace: 43002K(43904K)->43002K(43904K) NonClass: 38046K(38656K)->38046K(38656K) Class: 4955K(5248K)->4955K(5248K)
[2022-06-04T00:42:42.318+0500][gc          ] GC(41) Pause Young (Normal) (G1 Evacuation Pause) 196M->148M(1024M) 47.009ms
[2022-06-04T00:42:42.318+0500][gc,cpu      ] GC(41) User=0.02s Sys=0.08s Real=0.04s
[2022-06-04T01:03:20.476+0500][gc,start    ] GC(42) Pause Young (Normal) (G1 Evacuation Pause)
[2022-06-04T01:03:20.477+0500][gc,task     ] GC(42) Using 8 workers of 8 for evacuation
[2022-06-04T01:03:20.574+0500][gc,mmu      ] GC(42) MMU target violated: 21.0ms (20.0ms/21.0ms)
[2022-06-04T01:03:20.574+0500][gc,phases   ] GC(42)   Pre Evacuate Collection Set: 13.2ms
[2022-06-04T01:03:20.574+0500][gc,phases   ] GC(42)   Merge Heap Roots: 2.9ms
[2022-06-04T01:03:20.574+0500][gc,phases   ] GC(42)   Evacuate Collection Set: 68.4ms
[2022-06-04T01:03:20.574+0500][gc,phases   ] GC(42)   Post Evacuate Collection Set: 8.3ms
[2022-06-04T01:03:20.574+0500][gc,phases   ] GC(42)   Other: 6.9ms
[2022-06-04T01:03:20.574+0500][gc,heap     ] GC(42) Eden regions: 48->0(47)
[2022-06-04T01:03:20.574+0500][gc,heap     ] GC(42) Survivor regions: 3->4(7)
[2022-06-04T01:03:20.574+0500][gc,heap     ] GC(42) Old regions: 17->17
[2022-06-04T01:03:20.574+0500][gc,heap     ] GC(42) Archive regions: 2->2
[2022-06-04T01:03:20.574+0500][gc,heap     ] GC(42) Humongous regions: 129->129
[2022-06-04T01:03:20.574+0500][gc,metaspace] GC(42) Metaspace: 43004K(43904K)->43004K(43904K) NonClass: 38048K(38656K)->38048K(38656K) Class: 4955K(5248K)->4955K(5248K)
[2022-06-04T01:03:20.575+0500][gc          ] GC(42) Pause Young (Normal) (G1 Evacuation Pause) 196M->149M(1024M) 98.819ms
[2022-06-04T01:03:20.575+0500][gc,cpu      ] GC(42) User=0.08s Sys=0.26s Real=0.10s
[2022-06-04T01:38:20.584+0500][gc,start    ] GC(43) Pause Young (Normal) (G1 Evacuation Pause)
[2022-06-04T01:38:20.587+0500][gc,task     ] GC(43) Using 8 workers of 8 for evacuation
[2022-06-04T01:38:21.135+0500][gc,mmu      ] GC(43) MMU target violated: 21.0ms (20.0ms/21.0ms)
[2022-06-04T01:38:21.136+0500][gc,phases   ] GC(43)   Pre Evacuate Collection Set: 64.8ms
[2022-06-04T01:38:21.136+0500][gc,phases   ] GC(43)   Merge Heap Roots: 7.3ms
[2022-06-04T01:38:21.136+0500][gc,phases   ] GC(43)   Evacuate Collection Set: 430.4ms
[2022-06-04T01:38:21.137+0500][gc,phases   ] GC(43)   Post Evacuate Collection Set: 39.3ms
[2022-06-04T01:38:21.138+0500][gc,phases   ] GC(43)   Other: 10.5ms
[2022-06-04T01:38:21.138+0500][gc,heap     ] GC(43) Eden regions: 47->0(47)
[2022-06-04T01:38:21.138+0500][gc,heap     ] GC(43) Survivor regions: 4->4(7)
[2022-06-04T01:38:21.139+0500][gc,heap     ] GC(43) Old regions: 17->17
[2022-06-04T01:38:21.139+0500][gc,heap     ] GC(43) Archive regions: 2->2
[2022-06-04T01:38:21.139+0500][gc,heap     ] GC(43) Humongous regions: 129->129
[2022-06-04T01:38:21.139+0500][gc,metaspace] GC(43) Metaspace: 43004K(43904K)->43004K(43904K) NonClass: 38048K(38656K)->38048K(38656K) Class: 4955K(5248K)->4955K(5248K)
[2022-06-04T01:38:21.140+0500][gc          ] GC(43) Pause Young (Normal) (G1 Evacuation Pause) 196M->149M(1024M) 555.800ms
[2022-06-04T01:38:21.141+0500][gc,cpu      ] GC(43) User=0.26s Sys=1.07s Real=0.56s
[2022-06-04T01:53:22.963+0500][gc,start    ] GC(44) Pause Young (Normal) (G1 Evacuation Pause)
[2022-06-04T01:53:22.966+0500][gc,task     ] GC(44) Using 8 workers of 8 for evacuation
[2022-06-04T01:53:23.321+0500][gc,mmu      ] GC(44) MMU target violated: 21.0ms (20.0ms/21.0ms)
[2022-06-04T01:53:23.322+0500][gc,phases   ] GC(44)   Pre Evacuate Collection Set: 18.7ms
[2022-06-04T01:53:23.322+0500][gc,phases   ] GC(44)   Merge Heap Roots: 4.1ms
[2022-06-04T01:53:23.322+0500][gc,phases   ] GC(44)   Evacuate Collection Set: 298.2ms
[2022-06-04T01:53:23.323+0500][gc,phases   ] GC(44)   Post Evacuate Collection Set: 27.7ms
[2022-06-04T01:53:23.323+0500][gc,phases   ] GC(44)   Other: 10.1ms
[2022-06-04T01:53:23.324+0500][gc,heap     ] GC(44) Eden regions: 47->0(47)
[2022-06-04T01:53:23.324+0500][gc,heap     ] GC(44) Survivor regions: 4->4(7)
[2022-06-04T01:53:23.325+0500][gc,heap     ] GC(44) Old regions: 17->17
[2022-06-04T01:53:23.325+0500][gc,heap     ] GC(44) Archive regions: 2->2
[2022-06-04T01:53:23.325+0500][gc,heap     ] GC(44) Humongous regions: 129->129
[2022-06-04T01:53:23.325+0500][gc,metaspace] GC(44) Metaspace: 43006K(43904K)->43006K(43904K) NonClass: 38050K(38656K)->38050K(38656K) Class: 4955K(5248K)->4955K(5248K)
[2022-06-04T01:53:23.326+0500][gc          ] GC(44) Pause Young (Normal) (G1 Evacuation Pause) 196M->149M(1024M) 362.869ms
[2022-06-04T01:53:23.326+0500][gc,cpu      ] GC(44) User=0.21s Sys=0.55s Real=0.36s
[2022-06-04T02:09:17.831+0500][gc,start    ] GC(45) Pause Young (Normal) (G1 Evacuation Pause)
[2022-06-04T02:09:17.834+0500][gc,task     ] GC(45) Using 8 workers of 8 for evacuation
[2022-06-04T02:09:17.973+0500][gc,mmu      ] GC(45) MMU target violated: 21.0ms (20.0ms/21.0ms)
[2022-06-04T02:09:17.973+0500][gc,phases   ] GC(45)   Pre Evacuate Collection Set: 22.2ms
[2022-06-04T02:09:17.974+0500][gc,phases   ] GC(45)   Merge Heap Roots: 1.0ms
[2022-06-04T02:09:17.974+0500][gc,phases   ] GC(45)   Evacuate Collection Set: 97.2ms
[2022-06-04T02:09:17.974+0500][gc,phases   ] GC(45)   Post Evacuate Collection Set: 9.9ms
[2022-06-04T02:09:17.974+0500][gc,phases   ] GC(45)   Other: 12.7ms
[2022-06-04T02:09:17.975+0500][gc,heap     ] GC(45) Eden regions: 47->0(48)
[2022-06-04T02:09:17.975+0500][gc,heap     ] GC(45) Survivor regions: 4->3(7)
[2022-06-04T02:09:17.975+0500][gc,heap     ] GC(45) Old regions: 17->17
[2022-06-04T02:09:17.975+0500][gc,heap     ] GC(45) Archive regions: 2->2
[2022-06-04T02:09:17.975+0500][gc,heap     ] GC(45) Humongous regions: 129->129
[2022-06-04T02:09:17.975+0500][gc,metaspace] GC(45) Metaspace: 43009K(43904K)->43009K(43904K) NonClass: 38054K(38656K)->38054K(38656K) Class: 4955K(5248K)->4955K(5248K)
[2022-06-04T02:09:17.979+0500][gc          ] GC(45) Pause Young (Normal) (G1 Evacuation Pause) 196M->148M(1024M) 147.821ms
[2022-06-04T02:09:17.980+0500][gc,cpu      ] GC(45) User=0.20s Sys=0.31s Real=0.15s
[2022-06-04T03:39:41.151+0500][gc,start    ] GC(46) Pause Young (Normal) (G1 Evacuation Pause)
[2022-06-04T03:39:41.152+0500][gc,task     ] GC(46) Using 8 workers of 8 for evacuation
[2022-06-04T03:39:41.407+0500][gc,mmu      ] GC(46) MMU target violated: 21.0ms (20.0ms/21.0ms)
[2022-06-04T03:39:41.408+0500][gc,phases   ] GC(46)   Pre Evacuate Collection Set: 5.6ms
[2022-06-04T03:39:41.408+0500][gc,phases   ] GC(46)   Merge Heap Roots: 0.7ms
[2022-06-04T03:39:41.408+0500][gc,phases   ] GC(46)   Evacuate Collection Set: 235.0ms
[2022-06-04T03:39:41.408+0500][gc,phases   ] GC(46)   Post Evacuate Collection Set: 13.5ms
[2022-06-04T03:39:41.408+0500][gc,phases   ] GC(46)   Other: 1.9ms
[2022-06-04T03:39:41.408+0500][gc,heap     ] GC(46) Eden regions: 48->0(47)
[2022-06-04T03:39:41.408+0500][gc,heap     ] GC(46) Survivor regions: 3->4(7)
[2022-06-04T03:39:41.408+0500][gc,heap     ] GC(46) Old regions: 17->17
[2022-06-04T03:39:41.408+0500][gc,heap     ] GC(46) Archive regions: 2->2
[2022-06-04T03:39:41.408+0500][gc,heap     ] GC(46) Humongous regions: 129->129
[2022-06-04T03:39:41.408+0500][gc,metaspace] GC(46) Metaspace: 43104K(43904K)->43104K(43904K) NonClass: 38148K(38656K)->38148K(38656K) Class: 4955K(5248K)->4955K(5248K)
[2022-06-04T03:39:41.431+0500][gc          ] GC(46) Pause Young (Normal) (G1 Evacuation Pause) 196M->149M(1024M) 279.752ms
[2022-06-04T03:39:41.431+0500][gc,cpu      ] GC(46) User=0.16s Sys=0.51s Real=0.28s
[2022-06-04T04:01:48.558+0500][gc,start    ] GC(47) Pause Young (Normal) (G1 Evacuation Pause)
[2022-06-04T04:01:48.567+0500][gc,task     ] GC(47) Using 8 workers of 8 for evacuation
[2022-06-04T04:01:50.377+0500][gc,mmu      ] GC(47) MMU target violated: 21.0ms (20.0ms/21.0ms)
[2022-06-04T04:01:50.379+0500][gc,phases   ] GC(47)   Pre Evacuate Collection Set: 88.7ms
[2022-06-04T04:01:50.379+0500][gc,phases   ] GC(47)   Merge Heap Roots: 10.1ms
[2022-06-04T04:01:50.379+0500][gc,phases   ] GC(47)   Evacuate Collection Set: 1628.2ms
[2022-06-04T04:01:50.379+0500][gc,phases   ] GC(47)   Post Evacuate Collection Set: 47.0ms
[2022-06-04T04:01:50.380+0500][gc,phases   ] GC(47)   Other: 48.0ms
[2022-06-04T04:01:50.381+0500][gc,heap     ] GC(47) Eden regions: 47->0(46)
[2022-06-04T04:01:50.381+0500][gc,heap     ] GC(47) Survivor regions: 4->5(7)
[2022-06-04T04:01:50.382+0500][gc,heap     ] GC(47) Old regions: 17->17
[2022-06-04T04:01:50.382+0500][gc,heap     ] GC(47) Archive regions: 2->2
[2022-06-04T04:01:50.383+0500][gc,heap     ] GC(47) Humongous regions: 129->129
[2022-06-04T04:01:50.383+0500][gc,metaspace] GC(47) Metaspace: 43107K(43904K)->43107K(43904K) NonClass: 38150K(38656K)->38150K(38656K) Class: 4956K(5248K)->4956K(5248K)
[2022-06-04T04:01:50.387+0500][gc          ] GC(47) Pause Young (Normal) (G1 Evacuation Pause) 196M->150M(1024M) 1828.735ms
[2022-06-04T04:01:50.388+0500][gc,cpu      ] GC(47) User=0.66s Sys=3.06s Real=1.83s
[2022-06-04T06:33:22.944+0500][gc,start    ] GC(48) Pause Young (Normal) (G1 Evacuation Pause)
[2022-06-04T06:33:22.965+0500][gc,task     ] GC(48) Using 8 workers of 8 for evacuation
[2022-06-04T06:33:23.448+0500][gc,mmu      ] GC(48) MMU target violated: 21.0ms (20.0ms/21.0ms)
[2022-06-04T06:33:23.449+0500][gc,phases   ] GC(48)   Pre Evacuate Collection Set: 18.3ms
[2022-06-04T06:33:23.449+0500][gc,phases   ] GC(48)   Merge Heap Roots: 2.8ms
[2022-06-04T06:33:23.450+0500][gc,phases   ] GC(48)   Evacuate Collection Set: 419.0ms
[2022-06-04T06:33:23.450+0500][gc,phases   ] GC(48)   Post Evacuate Collection Set: 37.1ms
[2022-06-04T06:33:23.451+0500][gc,phases   ] GC(48)   Other: 28.8ms
[2022-06-04T06:33:23.451+0500][gc,heap     ] GC(48) Eden regions: 46->0(47)
[2022-06-04T06:33:23.451+0500][gc,heap     ] GC(48) Survivor regions: 5->4(7)
[2022-06-04T06:33:23.451+0500][gc,heap     ] GC(48) Old regions: 17->17
[2022-06-04T06:33:23.452+0500][gc,heap     ] GC(48) Archive regions: 2->2
[2022-06-04T06:33:23.452+0500][gc,heap     ] GC(48) Humongous regions: 129->129
[2022-06-04T06:33:23.452+0500][gc,metaspace] GC(48) Metaspace: 43108K(43904K)->43108K(43904K) NonClass: 38152K(38656K)->38152K(38656K) Class: 4956K(5248K)->4956K(5248K)
[2022-06-04T06:33:23.453+0500][gc          ] GC(48) Pause Young (Normal) (G1 Evacuation Pause) 196M->150M(1024M) 508.688ms
[2022-06-04T06:33:23.454+0500][gc,cpu      ] GC(48) User=0.32s Sys=0.86s Real=0.51s
[2022-06-04T08:04:09.936+0500][gc,start    ] GC(49) Pause Young (Normal) (G1 Evacuation Pause)
[2022-06-04T08:04:09.941+0500][gc,task     ] GC(49) Using 8 workers of 8 for evacuation
[2022-06-04T08:04:10.114+0500][gc,mmu      ] GC(49) MMU target violated: 21.0ms (20.0ms/21.0ms)
[2022-06-04T08:04:10.115+0500][gc,phases   ] GC(49)   Pre Evacuate Collection Set: 3.1ms
[2022-06-04T08:04:10.115+0500][gc,phases   ] GC(49)   Merge Heap Roots: 1.1ms
[2022-06-04T08:04:10.116+0500][gc,phases   ] GC(49)   Evacuate Collection Set: 161.6ms
[2022-06-04T08:04:10.116+0500][gc,phases   ] GC(49)   Post Evacuate Collection Set: 5.3ms
[2022-06-04T08:04:10.117+0500][gc,phases   ] GC(49)   Other: 8.1ms
[2022-06-04T08:04:10.117+0500][gc,heap     ] GC(49) Eden regions: 47->0(46)
[2022-06-04T08:04:10.118+0500][gc,heap     ] GC(49) Survivor regions: 4->5(7)
[2022-06-04T08:04:10.118+0500][gc,heap     ] GC(49) Old regions: 17->17
[2022-06-04T08:04:10.118+0500][gc,heap     ] GC(49) Archive regions: 2->2
[2022-06-04T08:04:10.118+0500][gc,heap     ] GC(49) Humongous regions: 129->129
[2022-06-04T08:04:10.119+0500][gc,metaspace] GC(49) Metaspace: 43131K(43904K)->43131K(43904K) NonClass: 38175K(38656K)->38175K(38656K) Class: 4956K(5248K)->4956K(5248K)
[2022-06-04T08:04:10.119+0500][gc          ] GC(49) Pause Young (Normal) (G1 Evacuation Pause) 197M->150M(1024M) 183.476ms
[2022-06-04T08:04:10.120+0500][gc,cpu      ] GC(49) User=0.27s Sys=0.37s Real=0.19s
[2022-06-04T08:19:43.267+0500][gc,start    ] GC(50) Pause Young (Normal) (G1 Evacuation Pause)
[2022-06-04T08:19:43.268+0500][gc,task     ] GC(50) Using 8 workers of 8 for evacuation
[2022-06-04T08:19:43.350+0500][gc,mmu      ] GC(50) MMU target violated: 21.0ms (20.0ms/21.0ms)
[2022-06-04T08:19:43.351+0500][gc,phases   ] GC(50)   Pre Evacuate Collection Set: 10.5ms
[2022-06-04T08:19:43.351+0500][gc,phases   ] GC(50)   Merge Heap Roots: 0.8ms
[2022-06-04T08:19:43.351+0500][gc,phases   ] GC(50)   Evacuate Collection Set: 65.2ms
[2022-06-04T08:19:43.351+0500][gc,phases   ] GC(50)   Post Evacuate Collection Set: 4.6ms
[2022-06-04T08:19:43.352+0500][gc,phases   ] GC(50)   Other: 3.3ms
[2022-06-04T08:19:43.352+0500][gc,heap     ] GC(50) Eden regions: 46->0(48)
[2022-06-04T08:19:43.352+0500][gc,heap     ] GC(50) Survivor regions: 5->3(7)
[2022-06-04T08:19:43.352+0500][gc,heap     ] GC(50) Old regions: 17->18
[2022-06-04T08:19:43.352+0500][gc,heap     ] GC(50) Archive regions: 2->2
[2022-06-04T08:19:43.352+0500][gc,heap     ] GC(50) Humongous regions: 129->129
[2022-06-04T08:19:43.353+0500][gc,metaspace] GC(50) Metaspace: 43132K(43904K)->43132K(43904K) NonClass: 38176K(38656K)->38176K(38656K) Class: 4956K(5248K)->4956K(5248K)
[2022-06-04T08:19:43.353+0500][gc          ] GC(50) Pause Young (Normal) (G1 Evacuation Pause) 196M->150M(1024M) 85.942ms
[2022-06-04T08:19:43.353+0500][gc,cpu      ] GC(50) User=0.23s Sys=0.16s Real=0.09s
[2022-06-04T08:35:42.527+0500][gc,start    ] GC(51) Pause Young (Normal) (G1 Evacuation Pause)
[2022-06-04T08:35:42.529+0500][gc,task     ] GC(51) Using 8 workers of 8 for evacuation
[2022-06-04T08:35:42.614+0500][gc,mmu      ] GC(51) MMU target violated: 21.0ms (20.0ms/21.0ms)
[2022-06-04T08:35:42.615+0500][gc,phases   ] GC(51)   Pre Evacuate Collection Set: 1.1ms
[2022-06-04T08:35:42.615+0500][gc,phases   ] GC(51)   Merge Heap Roots: 0.6ms
[2022-06-04T08:35:42.615+0500][gc,phases   ] GC(51)   Evacuate Collection Set: 70.5ms
[2022-06-04T08:35:42.615+0500][gc,phases   ] GC(51)   Post Evacuate Collection Set: 5.8ms
[2022-06-04T08:35:42.615+0500][gc,phases   ] GC(51)   Other: 10.0ms
[2022-06-04T08:35:42.616+0500][gc,heap     ] GC(51) Eden regions: 48->0(47)
[2022-06-04T08:35:42.616+0500][gc,heap     ] GC(51) Survivor regions: 3->4(7)
[2022-06-04T08:35:42.616+0500][gc,heap     ] GC(51) Old regions: 18->18
[2022-06-04T08:35:42.616+0500][gc,heap     ] GC(51) Archive regions: 2->2
[2022-06-04T08:35:42.616+0500][gc,heap     ] GC(51) Humongous regions: 129->129
[2022-06-04T08:35:42.616+0500][gc,metaspace] GC(51) Metaspace: 43139K(43904K)->43139K(43904K) NonClass: 38183K(38656K)->38183K(38656K) Class: 4956K(5248K)->4956K(5248K)
[2022-06-04T08:35:42.617+0500][gc          ] GC(51) Pause Young (Normal) (G1 Evacuation Pause) 198M->150M(1024M) 89.639ms
[2022-06-04T08:35:42.617+0500][gc,cpu      ] GC(51) User=0.20s Sys=0.18s Real=0.09s
[2022-06-04T08:50:59.583+0500][gc,start    ] GC(52) Pause Young (Normal) (G1 Evacuation Pause)
[2022-06-04T08:50:59.584+0500][gc,task     ] GC(52) Using 8 workers of 8 for evacuation
[2022-06-04T08:50:59.651+0500][gc,mmu      ] GC(52) MMU target violated: 21.0ms (20.0ms/21.0ms)
[2022-06-04T08:50:59.651+0500][gc,phases   ] GC(52)   Pre Evacuate Collection Set: 2.6ms
[2022-06-04T08:50:59.651+0500][gc,phases   ] GC(52)   Merge Heap Roots: 0.5ms
[2022-06-04T08:50:59.651+0500][gc,phases   ] GC(52)   Evacuate Collection Set: 60.3ms
[2022-06-04T08:50:59.651+0500][gc,phases   ] GC(52)   Post Evacuate Collection Set: 2.3ms
[2022-06-04T08:50:59.651+0500][gc,phases   ] GC(52)   Other: 4.2ms
[2022-06-04T08:50:59.652+0500][gc,heap     ] GC(52) Eden regions: 47->0(46)
[2022-06-04T08:50:59.652+0500][gc,heap     ] GC(52) Survivor regions: 4->5(7)
[2022-06-04T08:50:59.652+0500][gc,heap     ] GC(52) Old regions: 18->18
[2022-06-04T08:50:59.652+0500][gc,heap     ] GC(52) Archive regions: 2->2
[2022-06-04T08:50:59.652+0500][gc,heap     ] GC(52) Humongous regions: 129->129
[2022-06-04T08:50:59.652+0500][gc,metaspace] GC(52) Metaspace: 43139K(43904K)->43139K(43904K) NonClass: 38183K(38656K)->38183K(38656K) Class: 4956K(5248K)->4956K(5248K)
[2022-06-04T08:50:59.652+0500][gc          ] GC(52) Pause Young (Normal) (G1 Evacuation Pause) 197M->151M(1024M) 68.968ms
[2022-06-04T08:50:59.652+0500][gc,cpu      ] GC(52) User=0.07s Sys=0.19s Real=0.07s
[2022-06-04T09:06:00.620+0500][gc,start    ] GC(53) Pause Young (Normal) (G1 Evacuation Pause)
[2022-06-04T09:06:00.621+0500][gc,task     ] GC(53) Using 8 workers of 8 for evacuation
[2022-06-04T09:06:00.653+0500][gc,mmu      ] GC(53) MMU target violated: 21.0ms (20.0ms/21.0ms)
[2022-06-04T09:06:00.653+0500][gc,phases   ] GC(53)   Pre Evacuate Collection Set: 4.1ms
[2022-06-04T09:06:00.653+0500][gc,phases   ] GC(53)   Merge Heap Roots: 1.4ms
[2022-06-04T09:06:00.653+0500][gc,phases   ] GC(53)   Evacuate Collection Set: 23.5ms
[2022-06-04T09:06:00.653+0500][gc,phases   ] GC(53)   Post Evacuate Collection Set: 3.2ms
[2022-06-04T09:06:00.653+0500][gc,phases   ] GC(53)   Other: 1.9ms
[2022-06-04T09:06:00.653+0500][gc,heap     ] GC(53) Eden regions: 46->0(47)
[2022-06-04T09:06:00.653+0500][gc,heap     ] GC(53) Survivor regions: 5->4(7)
[2022-06-04T09:06:00.653+0500][gc,heap     ] GC(53) Old regions: 18->19
[2022-06-04T09:06:00.653+0500][gc,heap     ] GC(53) Archive regions: 2->2
[2022-06-04T09:06:00.653+0500][gc,heap     ] GC(53) Humongous regions: 129->129
[2022-06-04T09:06:00.653+0500][gc,metaspace] GC(53) Metaspace: 43141K(43904K)->43141K(43904K) NonClass: 38185K(38656K)->38185K(38656K) Class: 4956K(5248K)->4956K(5248K)
[2022-06-04T09:06:00.654+0500][gc          ] GC(53) Pause Young (Normal) (G1 Evacuation Pause) 197M->151M(1024M) 33.976ms
[2022-06-04T09:06:00.654+0500][gc,cpu      ] GC(53) User=0.04s Sys=0.10s Real=0.03s
