[2022-06-06T20:08:07.536+0500][gc] Using G1
[2022-06-06T20:08:07.543+0500][gc,init] Version: 15.0.1+9 (release)
[2022-06-06T20:08:07.543+0500][gc,init] CPUs: 8 total, 8 available
[2022-06-06T20:08:07.543+0500][gc,init] Memory: 8192M
[2022-06-06T20:08:07.543+0500][gc,init] Large Page Support: Disabled
[2022-06-06T20:08:07.543+0500][gc,init] NUMA Support: Disabled
[2022-06-06T20:08:07.543+0500][gc,init] Compressed Oops: Enabled (Zero based)
[2022-06-06T20:08:07.543+0500][gc,init] Heap Region Size: 1M
[2022-06-06T20:08:07.543+0500][gc,init] Heap Min Capacity: 1G
[2022-06-06T20:08:07.543+0500][gc,init] Heap Initial Capacity: 1G
[2022-06-06T20:08:07.543+0500][gc,init] Heap Max Capacity: 1G
[2022-06-06T20:08:07.543+0500][gc,init] Pre-touch: Disabled
[2022-06-06T20:08:07.543+0500][gc,init] Parallel Workers: 8
[2022-06-06T20:08:07.543+0500][gc,init] Concurrent Workers: 2
[2022-06-06T20:08:07.543+0500][gc,init] Concurrent Refinement Workers: 8
[2022-06-06T20:08:07.543+0500][gc,init] Periodic GC: Disabled
[2022-06-06T20:08:07.543+0500][gc,cds ] Mark closed archive regions in map: [0x00000007fff00000, 0x00000007fff78ff8]
[2022-06-06T20:08:07.544+0500][gc,cds ] Mark open archive regions in map: [0x00000007ffe00000, 0x00000007ffe50ff8]
[2022-06-06T20:08:07.544+0500][gc,metaspace] CDS archive(s) mapped at: [0x0000000800000000-0x0000000800b2d000-0x0000000800b2d000), size 11718656, SharedBaseAddress: 0x0000000800000000, ArchiveRelocationMode: 0.
[2022-06-06T20:08:07.544+0500][gc,metaspace] Compressed class space mapped at: 0x0000000800b30000-0x0000000840b30000, size: 1073741824
[2022-06-06T20:08:07.544+0500][gc,metaspace] Narrow klass base: 0x0000000800000000, Narrow klass shift: 3, Narrow klass range: 0x100000000
[2022-06-06T20:08:09.270+0500][gc,start    ] GC(0) Pause Young (Normal) (G1 Evacuation Pause)
[2022-06-06T20:08:09.271+0500][gc,task     ] GC(0) Using 8 workers of 8 for evacuation
[2022-06-06T20:08:09.281+0500][gc,phases   ] GC(0)   Pre Evacuate Collection Set: 0.2ms
[2022-06-06T20:08:09.281+0500][gc,phases   ] GC(0)   Merge Heap Roots: 0.1ms
[2022-06-06T20:08:09.281+0500][gc,phases   ] GC(0)   Evacuate Collection Set: 8.9ms
[2022-06-06T20:08:09.281+0500][gc,phases   ] GC(0)   Post Evacuate Collection Set: 0.8ms
[2022-06-06T20:08:09.281+0500][gc,phases   ] GC(0)   Other: 1.4ms
[2022-06-06T20:08:09.281+0500][gc,heap     ] GC(0) Eden regions: 51->0(44)
[2022-06-06T20:08:09.281+0500][gc,heap     ] GC(0) Survivor regions: 0->7(7)
[2022-06-06T20:08:09.281+0500][gc,heap     ] GC(0) Old regions: 0->0
[2022-06-06T20:08:09.281+0500][gc,heap     ] GC(0) Archive regions: 2->2
[2022-06-06T20:08:09.281+0500][gc,heap     ] GC(0) Humongous regions: 0->0
[2022-06-06T20:08:09.281+0500][gc,metaspace] GC(0) Metaspace: 18539K(19200K)->18539K(19200K) NonClass: 16341K(16896K)->16341K(16896K) Class: 2197K(2304K)->2197K(2304K)
[2022-06-06T20:08:09.281+0500][gc          ] GC(0) Pause Young (Normal) (G1 Evacuation Pause) 51M->7M(1024M) 11.610ms
[2022-06-06T20:08:09.281+0500][gc,cpu      ] GC(0) User=0.03s Sys=0.01s Real=0.01s
[2022-06-06T20:08:09.508+0500][gc,start    ] GC(1) Pause Young (Concurrent Start) (Metadata GC Threshold)
[2022-06-06T20:08:09.508+0500][gc,task     ] GC(1) Using 8 workers of 8 for evacuation
[2022-06-06T20:08:09.516+0500][gc,phases   ] GC(1)   Pre Evacuate Collection Set: 0.2ms
[2022-06-06T20:08:09.516+0500][gc,phases   ] GC(1)   Merge Heap Roots: 0.1ms
[2022-06-06T20:08:09.516+0500][gc,phases   ] GC(1)   Evacuate Collection Set: 6.5ms
[2022-06-06T20:08:09.516+0500][gc,phases   ] GC(1)   Post Evacuate Collection Set: 0.3ms
[2022-06-06T20:08:09.516+0500][gc,phases   ] GC(1)   Other: 0.5ms
[2022-06-06T20:08:09.516+0500][gc,heap     ] GC(1) Eden regions: 8->0(50)
[2022-06-06T20:08:09.516+0500][gc,heap     ] GC(1) Survivor regions: 7->1(7)
[2022-06-06T20:08:09.516+0500][gc,heap     ] GC(1) Old regions: 0->7
[2022-06-06T20:08:09.516+0500][gc,heap     ] GC(1) Archive regions: 2->2
[2022-06-06T20:08:09.516+0500][gc,heap     ] GC(1) Humongous regions: 0->0
[2022-06-06T20:08:09.516+0500][gc,metaspace] GC(1) Metaspace: 20673K(21248K)->20673K(21248K) NonClass: 18201K(18688K)->18201K(18688K) Class: 2472K(2560K)->2472K(2560K)
[2022-06-06T20:08:09.516+0500][gc          ] GC(1) Pause Young (Concurrent Start) (Metadata GC Threshold) 15M->8M(1024M) 7.657ms
[2022-06-06T20:08:09.516+0500][gc,cpu      ] GC(1) User=0.03s Sys=0.02s Real=0.01s
[2022-06-06T20:08:09.516+0500][gc          ] GC(2) Concurrent Cycle
[2022-06-06T20:08:09.517+0500][gc,marking  ] GC(2) Concurrent Clear Claimed Marks
[2022-06-06T20:08:09.517+0500][gc,marking  ] GC(2) Concurrent Clear Claimed Marks 0.014ms
[2022-06-06T20:08:09.517+0500][gc,marking  ] GC(2) Concurrent Scan Root Regions
[2022-06-06T20:08:09.519+0500][gc,marking  ] GC(2) Concurrent Scan Root Regions 2.836ms
[2022-06-06T20:08:09.519+0500][gc,marking  ] GC(2) Concurrent Mark (1.992s)
[2022-06-06T20:08:09.519+0500][gc,marking  ] GC(2) Concurrent Mark From Roots
[2022-06-06T20:08:09.519+0500][gc,task     ] GC(2) Using 2 workers of 2 for marking
[2022-06-06T20:08:09.521+0500][gc,marking  ] GC(2) Concurrent Mark From Roots 1.470ms
[2022-06-06T20:08:09.521+0500][gc,marking  ] GC(2) Concurrent Preclean
[2022-06-06T20:08:09.521+0500][gc,marking  ] GC(2) Concurrent Preclean 0.033ms
[2022-06-06T20:08:09.521+0500][gc,marking  ] GC(2) Concurrent Mark (1.992s, 1.993s) 1.570ms
[2022-06-06T20:08:09.521+0500][gc,start    ] GC(2) Pause Remark
[2022-06-06T20:08:09.522+0500][gc          ] GC(2) Pause Remark 9M->9M(1024M) 0.954ms
[2022-06-06T20:08:09.522+0500][gc,cpu      ] GC(2) User=0.00s Sys=0.00s Real=0.00s
[2022-06-06T20:08:09.522+0500][gc,marking  ] GC(2) Concurrent Rebuild Remembered Sets
[2022-06-06T20:08:09.524+0500][gc,marking  ] GC(2) Concurrent Rebuild Remembered Sets 2.034ms
[2022-06-06T20:08:09.525+0500][gc,start    ] GC(2) Pause Cleanup
[2022-06-06T20:08:09.525+0500][gc          ] GC(2) Pause Cleanup 9M->9M(1024M) 0.132ms
[2022-06-06T20:08:09.525+0500][gc,cpu      ] GC(2) User=0.00s Sys=0.00s Real=0.00s
[2022-06-06T20:08:09.525+0500][gc,marking  ] GC(2) Concurrent Cleanup for Next Mark
[2022-06-06T20:08:09.531+0500][gc,marking  ] GC(2) Concurrent Cleanup for Next Mark 6.088ms
[2022-06-06T20:08:09.531+0500][gc          ] GC(2) Concurrent Cycle 14.570ms
[2022-06-06T20:08:11.858+0500][gc,start    ] GC(3) Pause Young (Normal) (G1 Evacuation Pause)
[2022-06-06T20:08:11.858+0500][gc,task     ] GC(3) Using 8 workers of 8 for evacuation
[2022-06-06T20:08:11.863+0500][gc,phases   ] GC(3)   Pre Evacuate Collection Set: 0.1ms
[2022-06-06T20:08:11.863+0500][gc,phases   ] GC(3)   Merge Heap Roots: 0.1ms
[2022-06-06T20:08:11.863+0500][gc,phases   ] GC(3)   Evacuate Collection Set: 3.5ms
[2022-06-06T20:08:11.863+0500][gc,phases   ] GC(3)   Post Evacuate Collection Set: 0.5ms
[2022-06-06T20:08:11.863+0500][gc,phases   ] GC(3)   Other: 0.1ms
[2022-06-06T20:08:11.863+0500][gc,heap     ] GC(3) Eden regions: 50->0(46)
[2022-06-06T20:08:11.863+0500][gc,heap     ] GC(3) Survivor regions: 1->5(7)
[2022-06-06T20:08:11.863+0500][gc,heap     ] GC(3) Old regions: 7->7
[2022-06-06T20:08:11.863+0500][gc,heap     ] GC(3) Archive regions: 2->2
[2022-06-06T20:08:11.863+0500][gc,heap     ] GC(3) Humongous regions: 129->129
[2022-06-06T20:08:11.863+0500][gc,metaspace] GC(3) Metaspace: 30558K(31488K)->30558K(31488K) NonClass: 27121K(27904K)->27121K(27904K) Class: 3437K(3584K)->3437K(3584K)
[2022-06-06T20:08:11.863+0500][gc          ] GC(3) Pause Young (Normal) (G1 Evacuation Pause) 187M->141M(1024M) 4.435ms
[2022-06-06T20:08:11.863+0500][gc,cpu      ] GC(3) User=0.02s Sys=0.00s Real=0.01s
[2022-06-06T20:08:12.197+0500][gc,start    ] GC(4) Pause Young (Concurrent Start) (Metadata GC Threshold)
[2022-06-06T20:08:12.197+0500][gc,task     ] GC(4) Using 8 workers of 8 for evacuation
[2022-06-06T20:08:12.202+0500][gc,phases   ] GC(4)   Pre Evacuate Collection Set: 0.1ms
[2022-06-06T20:08:12.202+0500][gc,phases   ] GC(4)   Merge Heap Roots: 0.1ms
[2022-06-06T20:08:12.202+0500][gc,phases   ] GC(4)   Evacuate Collection Set: 4.0ms
[2022-06-06T20:08:12.202+0500][gc,phases   ] GC(4)   Post Evacuate Collection Set: 0.5ms
[2022-06-06T20:08:12.202+0500][gc,phases   ] GC(4)   Other: 0.2ms
[2022-06-06T20:08:12.202+0500][gc,heap     ] GC(4) Eden regions: 18->0(49)
[2022-06-06T20:08:12.202+0500][gc,heap     ] GC(4) Survivor regions: 5->2(7)
[2022-06-06T20:08:12.202+0500][gc,heap     ] GC(4) Old regions: 7->12
[2022-06-06T20:08:12.202+0500][gc,heap     ] GC(4) Archive regions: 2->2
[2022-06-06T20:08:12.202+0500][gc,heap     ] GC(4) Humongous regions: 129->129
[2022-06-06T20:08:12.202+0500][gc,metaspace] GC(4) Metaspace: 34848K(35840K)->34848K(35840K) NonClass: 31017K(31872K)->31017K(31872K) Class: 3830K(3968K)->3830K(3968K)
[2022-06-06T20:08:12.202+0500][gc          ] GC(4) Pause Young (Concurrent Start) (Metadata GC Threshold) 159M->143M(1024M) 4.952ms
[2022-06-06T20:08:12.202+0500][gc,cpu      ] GC(4) User=0.03s Sys=0.00s Real=0.01s
[2022-06-06T20:08:12.202+0500][gc          ] GC(5) Concurrent Cycle
[2022-06-06T20:08:12.202+0500][gc,marking  ] GC(5) Concurrent Clear Claimed Marks
[2022-06-06T20:08:12.202+0500][gc,marking  ] GC(5) Concurrent Clear Claimed Marks 0.020ms
[2022-06-06T20:08:12.202+0500][gc,marking  ] GC(5) Concurrent Scan Root Regions
[2022-06-06T20:08:12.205+0500][gc,marking  ] GC(5) Concurrent Scan Root Regions 3.386ms
[2022-06-06T20:08:12.205+0500][gc,marking  ] GC(5) Concurrent Mark (4.678s)
[2022-06-06T20:08:12.205+0500][gc,marking  ] GC(5) Concurrent Mark From Roots
[2022-06-06T20:08:12.205+0500][gc,task     ] GC(5) Using 2 workers of 2 for marking
[2022-06-06T20:08:12.212+0500][gc,marking  ] GC(5) Concurrent Mark From Roots 6.134ms
[2022-06-06T20:08:12.212+0500][gc,marking  ] GC(5) Concurrent Preclean
[2022-06-06T20:08:12.212+0500][gc,marking  ] GC(5) Concurrent Preclean 0.076ms
[2022-06-06T20:08:12.212+0500][gc,marking  ] GC(5) Concurrent Mark (4.678s, 4.684s) 6.279ms
[2022-06-06T20:08:12.212+0500][gc,start    ] GC(5) Pause Remark
[2022-06-06T20:08:12.213+0500][gc          ] GC(5) Pause Remark 144M->144M(1024M) 1.055ms
[2022-06-06T20:08:12.213+0500][gc,cpu      ] GC(5) User=0.01s Sys=0.00s Real=0.00s
[2022-06-06T20:08:12.213+0500][gc,marking  ] GC(5) Concurrent Rebuild Remembered Sets
[2022-06-06T20:08:12.219+0500][gc,marking  ] GC(5) Concurrent Rebuild Remembered Sets 5.874ms
[2022-06-06T20:08:12.219+0500][gc,start    ] GC(5) Pause Cleanup
[2022-06-06T20:08:12.219+0500][gc          ] GC(5) Pause Cleanup 145M->145M(1024M) 0.172ms
[2022-06-06T20:08:12.219+0500][gc,cpu      ] GC(5) User=0.00s Sys=0.00s Real=0.00s
[2022-06-06T20:08:12.220+0500][gc,marking  ] GC(5) Concurrent Cleanup for Next Mark
[2022-06-06T20:08:12.230+0500][gc,marking  ] GC(5) Concurrent Cleanup for Next Mark 10.537ms
[2022-06-06T20:08:12.230+0500][gc          ] GC(5) Concurrent Cycle 28.425ms
[2022-06-06T20:15:40.234+0500][gc,start    ] GC(6) Pause Young (Concurrent Start) (G1 Evacuation Pause)
[2022-06-06T20:15:40.235+0500][gc,task     ] GC(6) Using 8 workers of 8 for evacuation
[2022-06-06T20:15:40.314+0500][gc,mmu      ] GC(6) MMU target violated: 21.0ms (20.0ms/21.0ms)
[2022-06-06T20:15:40.314+0500][gc,phases   ] GC(6)   Pre Evacuate Collection Set: 1.9ms
[2022-06-06T20:15:40.314+0500][gc,phases   ] GC(6)   Merge Heap Roots: 0.3ms
[2022-06-06T20:15:40.314+0500][gc,phases   ] GC(6)   Evacuate Collection Set: 75.7ms
[2022-06-06T20:15:40.314+0500][gc,phases   ] GC(6)   Post Evacuate Collection Set: 0.7ms
[2022-06-06T20:15:40.314+0500][gc,phases   ] GC(6)   Other: 1.9ms
[2022-06-06T20:15:40.314+0500][gc,heap     ] GC(6) Eden regions: 49->0(46)
[2022-06-06T20:15:40.314+0500][gc,heap     ] GC(6) Survivor regions: 2->5(7)
[2022-06-06T20:15:40.314+0500][gc,heap     ] GC(6) Old regions: 12->12
[2022-06-06T20:15:40.314+0500][gc,heap     ] GC(6) Archive regions: 2->2
[2022-06-06T20:15:40.314+0500][gc,heap     ] GC(6) Humongous regions: 135->129
[2022-06-06T20:15:40.314+0500][gc,metaspace] GC(6) Metaspace: 41533K(42880K)->41533K(42880K) NonClass: 36566K(37632K)->36566K(37632K) Class: 4967K(5248K)->4967K(5248K)
[2022-06-06T20:15:40.314+0500][gc          ] GC(6) Pause Young (Concurrent Start) (G1 Evacuation Pause) 198M->145M(1024M) 80.599ms
[2022-06-06T20:15:40.314+0500][gc,cpu      ] GC(6) User=0.05s Sys=0.24s Real=0.08s
[2022-06-06T20:15:40.314+0500][gc          ] GC(7) Concurrent Cycle
[2022-06-06T20:15:40.314+0500][gc,marking  ] GC(7) Concurrent Clear Claimed Marks
[2022-06-06T20:15:40.314+0500][gc,marking  ] GC(7) Concurrent Clear Claimed Marks 0.033ms
[2022-06-06T20:15:40.314+0500][gc,marking  ] GC(7) Concurrent Scan Root Regions
[2022-06-06T20:15:40.318+0500][gc,marking  ] GC(7) Concurrent Scan Root Regions 3.061ms
[2022-06-06T20:15:40.318+0500][gc,marking  ] GC(7) Concurrent Mark (452.806s)
[2022-06-06T20:15:40.318+0500][gc,marking  ] GC(7) Concurrent Mark From Roots
[2022-06-06T20:15:40.318+0500][gc,task     ] GC(7) Using 2 workers of 2 for marking
[2022-06-06T20:15:40.333+0500][gc,marking  ] GC(7) Concurrent Mark From Roots 15.302ms
[2022-06-06T20:15:40.333+0500][gc,marking  ] GC(7) Concurrent Preclean
[2022-06-06T20:15:40.333+0500][gc,marking  ] GC(7) Concurrent Preclean 0.171ms
[2022-06-06T20:15:40.333+0500][gc,marking  ] GC(7) Concurrent Mark (452.806s, 452.821s) 15.576ms
[2022-06-06T20:15:40.333+0500][gc,start    ] GC(7) Pause Remark
[2022-06-06T20:15:40.337+0500][gc          ] GC(7) Pause Remark 146M->146M(1024M) 3.761ms
[2022-06-06T20:15:40.337+0500][gc,cpu      ] GC(7) User=0.01s Sys=0.00s Real=0.00s
[2022-06-06T20:15:40.337+0500][gc,marking  ] GC(7) Concurrent Rebuild Remembered Sets
[2022-06-06T20:15:40.343+0500][gc,marking  ] GC(7) Concurrent Rebuild Remembered Sets 5.412ms
[2022-06-06T20:15:40.343+0500][gc,start    ] GC(7) Pause Cleanup
[2022-06-06T20:15:40.343+0500][gc          ] GC(7) Pause Cleanup 146M->146M(1024M) 0.155ms
[2022-06-06T20:15:40.343+0500][gc,cpu      ] GC(7) User=0.00s Sys=0.00s Real=0.00s
[2022-06-06T20:15:40.343+0500][gc,marking  ] GC(7) Concurrent Cleanup for Next Mark
[2022-06-06T20:15:40.351+0500][gc,marking  ] GC(7) Concurrent Cleanup for Next Mark 7.696ms
[2022-06-06T20:15:40.351+0500][gc          ] GC(7) Concurrent Cycle 36.694ms
[2022-06-06T20:51:52.932+0500][gc,start    ] GC(8) Pause Young (Normal) (G1 Evacuation Pause)
[2022-06-06T20:51:53.587+0500][gc,task     ] GC(8) Using 8 workers of 8 for evacuation
[2022-06-06T20:51:53.713+0500][gc,mmu      ] GC(8) MMU target violated: 21.0ms (20.0ms/21.0ms)
[2022-06-06T20:51:53.713+0500][gc,phases   ] GC(8)   Pre Evacuate Collection Set: 27.5ms
[2022-06-06T20:51:53.713+0500][gc,phases   ] GC(8)   Merge Heap Roots: 16.9ms
[2022-06-06T20:51:53.713+0500][gc,phases   ] GC(8)   Evacuate Collection Set: 74.0ms
[2022-06-06T20:51:53.713+0500][gc,phases   ] GC(8)   Post Evacuate Collection Set: 2.2ms
[2022-06-06T20:51:53.713+0500][gc,phases   ] GC(8)   Other: 661.1ms
[2022-06-06T20:51:53.713+0500][gc,heap     ] GC(8) Eden regions: 46->0(47)
[2022-06-06T20:51:53.713+0500][gc,heap     ] GC(8) Survivor regions: 5->4(7)
[2022-06-06T20:51:53.713+0500][gc,heap     ] GC(8) Old regions: 12->13
[2022-06-06T20:51:53.713+0500][gc,heap     ] GC(8) Archive regions: 2->2
[2022-06-06T20:51:53.713+0500][gc,heap     ] GC(8) Humongous regions: 129->129
[2022-06-06T20:51:53.713+0500][gc,metaspace] GC(8) Metaspace: 42795K(43904K)->42795K(43904K) NonClass: 37667K(38400K)->37667K(38400K) Class: 5128K(5504K)->5128K(5504K)
[2022-06-06T20:51:53.713+0500][gc          ] GC(8) Pause Young (Normal) (G1 Evacuation Pause) 191M->145M(1024M) 781.664ms
[2022-06-06T20:51:53.713+0500][gc,cpu      ] GC(8) User=0.03s Sys=0.06s Real=0.78s
[2022-06-06T21:22:53.432+0500][gc,start    ] GC(9) Pause Young (Normal) (G1 Evacuation Pause)
[2022-06-06T21:22:53.435+0500][gc,task     ] GC(9) Using 8 workers of 8 for evacuation
[2022-06-06T21:22:53.502+0500][gc,mmu      ] GC(9) MMU target violated: 21.0ms (20.0ms/21.0ms)
[2022-06-06T21:22:53.502+0500][gc,phases   ] GC(9)   Pre Evacuate Collection Set: 4.8ms
[2022-06-06T21:22:53.502+0500][gc,phases   ] GC(9)   Merge Heap Roots: 0.4ms
[2022-06-06T21:22:53.502+0500][gc,phases   ] GC(9)   Evacuate Collection Set: 58.1ms
[2022-06-06T21:22:53.502+0500][gc,phases   ] GC(9)   Post Evacuate Collection Set: 3.8ms
[2022-06-06T21:22:53.502+0500][gc,phases   ] GC(9)   Other: 3.0ms
[2022-06-06T21:22:53.502+0500][gc,heap     ] GC(9) Eden regions: 47->0(47)
[2022-06-06T21:22:53.502+0500][gc,heap     ] GC(9) Survivor regions: 4->4(7)
[2022-06-06T21:22:53.503+0500][gc,heap     ] GC(9) Old regions: 13->13
[2022-06-06T21:22:53.503+0500][gc,heap     ] GC(9) Archive regions: 2->2
[2022-06-06T21:22:53.503+0500][gc,heap     ] GC(9) Humongous regions: 129->129
[2022-06-06T21:22:53.503+0500][gc,metaspace] GC(9) Metaspace: 43337K(44416K)->43337K(44416K) NonClass: 38166K(38912K)->38166K(38912K) Class: 5171K(5504K)->5171K(5504K)
[2022-06-06T21:22:53.503+0500][gc          ] GC(9) Pause Young (Normal) (G1 Evacuation Pause) 192M->146M(1024M) 70.333ms
[2022-06-06T21:22:53.503+0500][gc,cpu      ] GC(9) User=0.05s Sys=0.18s Real=0.07s
[2022-06-06T21:59:18.371+0500][gc,start    ] GC(10) Pause Young (Normal) (G1 Evacuation Pause)
[2022-06-06T21:59:18.372+0500][gc,task     ] GC(10) Using 8 workers of 8 for evacuation
[2022-06-06T21:59:18.417+0500][gc,mmu      ] GC(10) MMU target violated: 21.0ms (20.0ms/21.0ms)
[2022-06-06T21:59:18.418+0500][gc,phases   ] GC(10)   Pre Evacuate Collection Set: 7.7ms
[2022-06-06T21:59:18.418+0500][gc,phases   ] GC(10)   Merge Heap Roots: 0.6ms
[2022-06-06T21:59:18.418+0500][gc,phases   ] GC(10)   Evacuate Collection Set: 34.0ms
[2022-06-06T21:59:18.418+0500][gc,phases   ] GC(10)   Post Evacuate Collection Set: 2.4ms
[2022-06-06T21:59:18.418+0500][gc,phases   ] GC(10)   Other: 2.2ms
[2022-06-06T21:59:18.418+0500][gc,heap     ] GC(10) Eden regions: 47->0(47)
[2022-06-06T21:59:18.418+0500][gc,heap     ] GC(10) Survivor regions: 4->4(7)
[2022-06-06T21:59:18.418+0500][gc,heap     ] GC(10) Old regions: 13->13
[2022-06-06T21:59:18.418+0500][gc,heap     ] GC(10) Archive regions: 2->2
[2022-06-06T21:59:18.418+0500][gc,heap     ] GC(10) Humongous regions: 129->129
[2022-06-06T21:59:18.418+0500][gc,metaspace] GC(10) Metaspace: 43360K(44416K)->43360K(44416K) NonClass: 38188K(38912K)->38188K(38912K) Class: 5171K(5504K)->5171K(5504K)
[2022-06-06T21:59:18.418+0500][gc          ] GC(10) Pause Young (Normal) (G1 Evacuation Pause) 193M->146M(1024M) 47.561ms
[2022-06-06T21:59:18.419+0500][gc,cpu      ] GC(10) User=0.05s Sys=0.15s Real=0.04s
[2022-06-06T23:28:40.865+0500][gc,start    ] GC(11) Pause Young (Normal) (G1 Evacuation Pause)
[2022-06-06T23:28:40.869+0500][gc,task     ] GC(11) Using 8 workers of 8 for evacuation
[2022-06-06T23:28:41.234+0500][gc,mmu      ] GC(11) MMU target violated: 21.0ms (20.0ms/21.0ms)
[2022-06-06T23:28:41.235+0500][gc,phases   ] GC(11)   Pre Evacuate Collection Set: 11.9ms
[2022-06-06T23:28:41.235+0500][gc,phases   ] GC(11)   Merge Heap Roots: 3.9ms
[2022-06-06T23:28:41.235+0500][gc,phases   ] GC(11)   Evacuate Collection Set: 328.7ms
[2022-06-06T23:28:41.236+0500][gc,phases   ] GC(11)   Post Evacuate Collection Set: 19.2ms
[2022-06-06T23:28:41.236+0500][gc,phases   ] GC(11)   Other: 7.2ms
[2022-06-06T23:28:41.236+0500][gc,heap     ] GC(11) Eden regions: 47->0(47)
[2022-06-06T23:28:41.237+0500][gc,heap     ] GC(11) Survivor regions: 4->4(7)
[2022-06-06T23:28:41.237+0500][gc,heap     ] GC(11) Old regions: 13->13
[2022-06-06T23:28:41.237+0500][gc,heap     ] GC(11) Archive regions: 2->2
[2022-06-06T23:28:41.237+0500][gc,heap     ] GC(11) Humongous regions: 129->129
[2022-06-06T23:28:41.237+0500][gc,metaspace] GC(11) Metaspace: 43389K(44416K)->43389K(44416K) NonClass: 38218K(38912K)->38218K(38912K) Class: 5171K(5504K)->5171K(5504K)
[2022-06-06T23:28:41.238+0500][gc          ] GC(11) Pause Young (Normal) (G1 Evacuation Pause) 193M->146M(1024M) 372.319ms
[2022-06-06T23:28:41.238+0500][gc,cpu      ] GC(11) User=0.37s Sys=0.91s Real=0.37s
