[2022-06-06T18:54:50.976+0500][gc] Using G1
[2022-06-06T18:54:50.980+0500][gc,init] Version: 15.0.1+9 (release)
[2022-06-06T18:54:50.980+0500][gc,init] CPUs: 8 total, 8 available
[2022-06-06T18:54:50.980+0500][gc,init] Memory: 8192M
[2022-06-06T18:54:50.980+0500][gc,init] Large Page Support: Disabled
[2022-06-06T18:54:50.980+0500][gc,init] NUMA Support: Disabled
[2022-06-06T18:54:50.980+0500][gc,init] Compressed Oops: Enabled (Zero based)
[2022-06-06T18:54:50.980+0500][gc,init] Heap Region Size: 1M
[2022-06-06T18:54:50.980+0500][gc,init] Heap Min Capacity: 512M
[2022-06-06T18:54:50.980+0500][gc,init] Heap Initial Capacity: 512M
[2022-06-06T18:54:50.980+0500][gc,init] Heap Max Capacity: 512M
[2022-06-06T18:54:50.980+0500][gc,init] Pre-touch: Disabled
[2022-06-06T18:54:50.980+0500][gc,init] Parallel Workers: 8
[2022-06-06T18:54:50.980+0500][gc,init] Concurrent Workers: 2
[2022-06-06T18:54:50.980+0500][gc,init] Concurrent Refinement Workers: 8
[2022-06-06T18:54:50.980+0500][gc,init] Periodic GC: Disabled
[2022-06-06T18:54:50.980+0500][gc,cds ] Mark closed archive regions in map: [0x00000007fff00000, 0x00000007fff78ff8]
[2022-06-06T18:54:50.980+0500][gc,cds ] Mark open archive regions in map: [0x00000007ffe00000, 0x00000007ffe50ff8]
[2022-06-06T18:54:50.980+0500][gc,metaspace] CDS archive(s) mapped at: [0x0000000800000000-0x0000000800b2d000-0x0000000800b2d000), size 11718656, SharedBaseAddress: 0x0000000800000000, ArchiveRelocationMode: 0.
[2022-06-06T18:54:50.980+0500][gc,metaspace] Compressed class space mapped at: 0x0000000800b30000-0x0000000840b30000, size: 1073741824
[2022-06-06T18:54:50.980+0500][gc,metaspace] Narrow klass base: 0x0000000800000000, Narrow klass shift: 3, Narrow klass range: 0x100000000
[2022-06-06T18:55:12.062+0500][gc,start    ] GC(0) Pause Young (Normal) (G1 Evacuation Pause)
[2022-06-06T18:55:12.063+0500][gc,task     ] GC(0) Using 8 workers of 8 for evacuation
[2022-06-06T18:55:12.116+0500][gc,mmu      ] GC(0) MMU target violated: 21.0ms (20.0ms/21.0ms)
[2022-06-06T18:55:12.117+0500][gc,phases   ] GC(0)   Pre Evacuate Collection Set: 1.4ms
[2022-06-06T18:55:12.117+0500][gc,phases   ] GC(0)   Merge Heap Roots: 0.4ms
[2022-06-06T18:55:12.117+0500][gc,phases   ] GC(0)   Evacuate Collection Set: 49.0ms
[2022-06-06T18:55:12.117+0500][gc,phases   ] GC(0)   Post Evacuate Collection Set: 1.2ms
[2022-06-06T18:55:12.117+0500][gc,phases   ] GC(0)   Other: 4.6ms
[2022-06-06T18:55:12.117+0500][gc,heap     ] GC(0) Eden regions: 25->0(21)
[2022-06-06T18:55:12.117+0500][gc,heap     ] GC(0) Survivor regions: 0->4(4)
[2022-06-06T18:55:12.117+0500][gc,heap     ] GC(0) Old regions: 0->3
[2022-06-06T18:55:12.117+0500][gc,heap     ] GC(0) Archive regions: 2->2
[2022-06-06T18:55:12.117+0500][gc,heap     ] GC(0) Humongous regions: 0->0
[2022-06-06T18:55:12.117+0500][gc,metaspace] GC(0) Metaspace: 8082K(8448K)->8082K(8448K) NonClass: 7173K(7424K)->7173K(7424K) Class: 908K(1024K)->908K(1024K)
[2022-06-06T18:55:12.117+0500][gc          ] GC(0) Pause Young (Normal) (G1 Evacuation Pause) 25M->7M(512M) 54.943ms
[2022-06-06T18:55:12.117+0500][gc,cpu      ] GC(0) User=0.05s Sys=0.19s Real=0.05s
[2022-06-06T20:06:32.535+0500][gc,heap,exit] Heap
[2022-06-06T20:06:32.535+0500][gc,heap,exit]  garbage-first heap   total 524288K, used 18115K [0x00000007e0000000, 0x0000000800000000)
[2022-06-06T20:06:32.535+0500][gc,heap,exit]   region size 1024K, 15 young (15360K), 4 survivors (4096K)
[2022-06-06T20:06:32.535+0500][gc,heap,exit]  Metaspace       used 8846K, capacity 8995K, committed 9216K, reserved 1056768K
[2022-06-06T20:06:32.535+0500][gc,heap,exit]   class space    used 932K, capacity 992K, committed 1024K, reserved 1048576K
