[2022-06-06T18:55:10.295+0500][gc] Using G1
[2022-06-06T18:55:10.304+0500][gc,init] Version: 15.0.1+9 (release)
[2022-06-06T18:55:10.304+0500][gc,init] CPUs: 8 total, 8 available
[2022-06-06T18:55:10.304+0500][gc,init] Memory: 8192M
[2022-06-06T18:55:10.304+0500][gc,init] Large Page Support: Disabled
[2022-06-06T18:55:10.304+0500][gc,init] NUMA Support: Disabled
[2022-06-06T18:55:10.304+0500][gc,init] Compressed Oops: Enabled (Zero based)
[2022-06-06T18:55:10.304+0500][gc,init] Heap Region Size: 1M
[2022-06-06T18:55:10.304+0500][gc,init] Heap Min Capacity: 1G
[2022-06-06T18:55:10.304+0500][gc,init] Heap Initial Capacity: 1G
[2022-06-06T18:55:10.304+0500][gc,init] Heap Max Capacity: 1G
[2022-06-06T18:55:10.304+0500][gc,init] Pre-touch: Disabled
[2022-06-06T18:55:10.304+0500][gc,init] Parallel Workers: 8
[2022-06-06T18:55:10.304+0500][gc,init] Concurrent Workers: 2
[2022-06-06T18:55:10.304+0500][gc,init] Concurrent Refinement Workers: 8
[2022-06-06T18:55:10.304+0500][gc,init] Periodic GC: Disabled
[2022-06-06T18:55:10.305+0500][gc,cds ] Mark closed archive regions in map: [0x00000007fff00000, 0x00000007fff78ff8]
[2022-06-06T18:55:10.305+0500][gc,cds ] Mark open archive regions in map: [0x00000007ffe00000, 0x00000007ffe50ff8]
[2022-06-06T18:55:10.305+0500][gc,metaspace] CDS archive(s) mapped at: [0x0000000800000000-0x0000000800b2d000-0x0000000800b2d000), size 11718656, SharedBaseAddress: 0x0000000800000000, ArchiveRelocationMode: 0.
[2022-06-06T18:55:10.305+0500][gc,metaspace] Compressed class space mapped at: 0x0000000800b30000-0x0000000840b30000, size: 1073741824
[2022-06-06T18:55:10.305+0500][gc,metaspace] Narrow klass base: 0x0000000800000000, Narrow klass shift: 3, Narrow klass range: 0x100000000
[2022-06-06T18:55:12.839+0500][gc,start    ] GC(0) Pause Young (Normal) (G1 Evacuation Pause)
[2022-06-06T18:55:12.839+0500][gc,task     ] GC(0) Using 8 workers of 8 for evacuation
[2022-06-06T18:55:12.848+0500][gc,phases   ] GC(0)   Pre Evacuate Collection Set: 0.1ms
[2022-06-06T18:55:12.848+0500][gc,phases   ] GC(0)   Merge Heap Roots: 0.1ms
[2022-06-06T18:55:12.848+0500][gc,phases   ] GC(0)   Evacuate Collection Set: 7.8ms
[2022-06-06T18:55:12.848+0500][gc,phases   ] GC(0)   Post Evacuate Collection Set: 0.6ms
[2022-06-06T18:55:12.848+0500][gc,phases   ] GC(0)   Other: 0.7ms
[2022-06-06T18:55:12.848+0500][gc,heap     ] GC(0) Eden regions: 51->0(44)
[2022-06-06T18:55:12.848+0500][gc,heap     ] GC(0) Survivor regions: 0->7(7)
[2022-06-06T18:55:12.848+0500][gc,heap     ] GC(0) Old regions: 0->0
[2022-06-06T18:55:12.848+0500][gc,heap     ] GC(0) Archive regions: 2->2
[2022-06-06T18:55:12.848+0500][gc,heap     ] GC(0) Humongous regions: 0->0
[2022-06-06T18:55:12.848+0500][gc,metaspace] GC(0) Metaspace: 18575K(19200K)->18575K(19200K) NonClass: 16378K(16896K)->16378K(16896K) Class: 2196K(2304K)->2196K(2304K)
[2022-06-06T18:55:12.848+0500][gc          ] GC(0) Pause Young (Normal) (G1 Evacuation Pause) 51M->7M(1024M) 9.551ms
[2022-06-06T18:55:12.848+0500][gc,cpu      ] GC(0) User=0.04s Sys=0.01s Real=0.01s
[2022-06-06T18:55:13.174+0500][gc,start    ] GC(1) Pause Young (Concurrent Start) (Metadata GC Threshold)
[2022-06-06T18:55:13.175+0500][gc,task     ] GC(1) Using 8 workers of 8 for evacuation
[2022-06-06T18:55:13.182+0500][gc,phases   ] GC(1)   Pre Evacuate Collection Set: 0.2ms
[2022-06-06T18:55:13.182+0500][gc,phases   ] GC(1)   Merge Heap Roots: 0.1ms
[2022-06-06T18:55:13.182+0500][gc,phases   ] GC(1)   Evacuate Collection Set: 6.6ms
[2022-06-06T18:55:13.182+0500][gc,phases   ] GC(1)   Post Evacuate Collection Set: 0.5ms
[2022-06-06T18:55:13.182+0500][gc,phases   ] GC(1)   Other: 0.5ms
[2022-06-06T18:55:13.182+0500][gc,heap     ] GC(1) Eden regions: 9->0(50)
[2022-06-06T18:55:13.182+0500][gc,heap     ] GC(1) Survivor regions: 7->1(7)
[2022-06-06T18:55:13.182+0500][gc,heap     ] GC(1) Old regions: 0->7
[2022-06-06T18:55:13.182+0500][gc,heap     ] GC(1) Archive regions: 2->2
[2022-06-06T18:55:13.182+0500][gc,heap     ] GC(1) Humongous regions: 0->0
[2022-06-06T18:55:13.182+0500][gc,metaspace] GC(1) Metaspace: 20673K(21248K)->20673K(21248K) NonClass: 18211K(18688K)->18211K(18688K) Class: 2461K(2560K)->2461K(2560K)
[2022-06-06T18:55:13.182+0500][gc          ] GC(1) Pause Young (Concurrent Start) (Metadata GC Threshold) 16M->8M(1024M) 8.104ms
[2022-06-06T18:55:13.182+0500][gc,cpu      ] GC(1) User=0.03s Sys=0.01s Real=0.01s
[2022-06-06T18:55:13.183+0500][gc          ] GC(2) Concurrent Cycle
[2022-06-06T18:55:13.183+0500][gc,marking  ] GC(2) Concurrent Clear Claimed Marks
[2022-06-06T18:55:13.183+0500][gc,marking  ] GC(2) Concurrent Clear Claimed Marks 0.090ms
[2022-06-06T18:55:13.183+0500][gc,marking  ] GC(2) Concurrent Scan Root Regions
[2022-06-06T18:55:13.188+0500][gc,marking  ] GC(2) Concurrent Scan Root Regions 4.302ms
[2022-06-06T18:55:13.188+0500][gc,marking  ] GC(2) Concurrent Mark (2.907s)
[2022-06-06T18:55:13.188+0500][gc,marking  ] GC(2) Concurrent Mark From Roots
[2022-06-06T18:55:13.188+0500][gc,task     ] GC(2) Using 2 workers of 2 for marking
[2022-06-06T18:55:13.189+0500][gc,marking  ] GC(2) Concurrent Mark From Roots 1.665ms
[2022-06-06T18:55:13.207+0500][gc,marking  ] GC(2) Concurrent Preclean
[2022-06-06T18:55:13.207+0500][gc,marking  ] GC(2) Concurrent Preclean 0.080ms
[2022-06-06T18:55:13.207+0500][gc,marking  ] GC(2) Concurrent Mark (2.907s, 2.926s) 18.992ms
[2022-06-06T18:55:13.207+0500][gc,start    ] GC(2) Pause Remark
[2022-06-06T18:55:13.208+0500][gc          ] GC(2) Pause Remark 9M->9M(1024M) 1.191ms
[2022-06-06T18:55:13.208+0500][gc,cpu      ] GC(2) User=0.00s Sys=0.00s Real=0.00s
[2022-06-06T18:55:13.208+0500][gc,marking  ] GC(2) Concurrent Rebuild Remembered Sets
[2022-06-06T18:55:13.211+0500][gc,marking  ] GC(2) Concurrent Rebuild Remembered Sets 3.215ms
[2022-06-06T18:55:13.212+0500][gc,start    ] GC(2) Pause Cleanup
[2022-06-06T18:55:13.213+0500][gc          ] GC(2) Pause Cleanup 9M->9M(1024M) 0.222ms
[2022-06-06T18:55:13.213+0500][gc,cpu      ] GC(2) User=0.00s Sys=0.00s Real=0.00s
[2022-06-06T18:55:13.213+0500][gc,marking  ] GC(2) Concurrent Cleanup for Next Mark
[2022-06-06T18:55:13.225+0500][gc,marking  ] GC(2) Concurrent Cleanup for Next Mark 12.146ms
[2022-06-06T18:55:13.225+0500][gc          ] GC(2) Concurrent Cycle 41.766ms
[2022-06-06T18:55:14.303+0500][gc,start    ] GC(3) Pause Young (Normal) (G1 Evacuation Pause)
[2022-06-06T18:55:14.303+0500][gc,task     ] GC(3) Using 8 workers of 8 for evacuation
[2022-06-06T18:55:14.309+0500][gc,phases   ] GC(3)   Pre Evacuate Collection Set: 0.2ms
[2022-06-06T18:55:14.310+0500][gc,phases   ] GC(3)   Merge Heap Roots: 0.1ms
[2022-06-06T18:55:14.310+0500][gc,phases   ] GC(3)   Evacuate Collection Set: 5.1ms
[2022-06-06T18:55:14.310+0500][gc,phases   ] GC(3)   Post Evacuate Collection Set: 0.7ms
[2022-06-06T18:55:14.310+0500][gc,phases   ] GC(3)   Other: 0.3ms
[2022-06-06T18:55:14.310+0500][gc,heap     ] GC(3) Eden regions: 50->0(45)
[2022-06-06T18:55:14.310+0500][gc,heap     ] GC(3) Survivor regions: 1->6(7)
[2022-06-06T18:55:14.310+0500][gc,heap     ] GC(3) Old regions: 7->7
[2022-06-06T18:55:14.310+0500][gc,heap     ] GC(3) Archive regions: 2->2
[2022-06-06T18:55:14.310+0500][gc,heap     ] GC(3) Humongous regions: 129->129
[2022-06-06T18:55:14.310+0500][gc,metaspace] GC(3) Metaspace: 32244K(33408K)->32244K(33408K) NonClass: 28737K(29696K)->28737K(29696K) Class: 3507K(3712K)->3507K(3712K)
[2022-06-06T18:55:14.310+0500][gc          ] GC(3) Pause Young (Normal) (G1 Evacuation Pause) 187M->141M(1024M) 6.772ms
[2022-06-06T18:55:14.310+0500][gc,cpu      ] GC(3) User=0.03s Sys=0.00s Real=0.01s
[2022-06-06T18:55:14.544+0500][gc,start    ] GC(4) Pause Young (Concurrent Start) (Metadata GC Threshold)
[2022-06-06T18:55:14.544+0500][gc,task     ] GC(4) Using 8 workers of 8 for evacuation
[2022-06-06T18:55:14.552+0500][gc,phases   ] GC(4)   Pre Evacuate Collection Set: 0.2ms
[2022-06-06T18:55:14.552+0500][gc,phases   ] GC(4)   Merge Heap Roots: 0.1ms
[2022-06-06T18:55:14.552+0500][gc,phases   ] GC(4)   Evacuate Collection Set: 6.6ms
[2022-06-06T18:55:14.552+0500][gc,phases   ] GC(4)   Post Evacuate Collection Set: 0.5ms
[2022-06-06T18:55:14.552+0500][gc,phases   ] GC(4)   Other: 0.3ms
[2022-06-06T18:55:14.552+0500][gc,heap     ] GC(4) Eden regions: 12->0(49)
[2022-06-06T18:55:14.552+0500][gc,heap     ] GC(4) Survivor regions: 6->2(7)
[2022-06-06T18:55:14.552+0500][gc,heap     ] GC(4) Old regions: 7->13
[2022-06-06T18:55:14.552+0500][gc,heap     ] GC(4) Archive regions: 2->2
[2022-06-06T18:55:14.552+0500][gc,heap     ] GC(4) Humongous regions: 129->129
[2022-06-06T18:55:14.552+0500][gc,metaspace] GC(4) Metaspace: 34779K(35840K)->34779K(35840K) NonClass: 30880K(31744K)->30880K(31744K) Class: 3898K(4096K)->3898K(4096K)
[2022-06-06T18:55:14.552+0500][gc          ] GC(4) Pause Young (Concurrent Start) (Metadata GC Threshold) 152M->143M(1024M) 7.915ms
[2022-06-06T18:55:14.552+0500][gc,cpu      ] GC(4) User=0.04s Sys=0.01s Real=0.01s
[2022-06-06T18:55:14.552+0500][gc          ] GC(5) Concurrent Cycle
[2022-06-06T18:55:14.552+0500][gc,marking  ] GC(5) Concurrent Clear Claimed Marks
[2022-06-06T18:55:14.553+0500][gc,marking  ] GC(5) Concurrent Clear Claimed Marks 0.073ms
[2022-06-06T18:55:14.553+0500][gc,marking  ] GC(5) Concurrent Scan Root Regions
[2022-06-06T18:55:14.557+0500][gc,marking  ] GC(5) Concurrent Scan Root Regions 4.566ms
[2022-06-06T18:55:14.557+0500][gc,marking  ] GC(5) Concurrent Mark (4.277s)
[2022-06-06T18:55:14.557+0500][gc,marking  ] GC(5) Concurrent Mark From Roots
[2022-06-06T18:55:14.557+0500][gc,task     ] GC(5) Using 2 workers of 2 for marking
[2022-06-06T18:55:14.566+0500][gc,marking  ] GC(5) Concurrent Mark From Roots 8.845ms
[2022-06-06T18:55:14.566+0500][gc,marking  ] GC(5) Concurrent Preclean
[2022-06-06T18:55:14.566+0500][gc,marking  ] GC(5) Concurrent Preclean 0.128ms
[2022-06-06T18:55:14.566+0500][gc,marking  ] GC(5) Concurrent Mark (4.277s, 4.286s) 9.119ms
[2022-06-06T18:55:14.566+0500][gc,start    ] GC(5) Pause Remark
[2022-06-06T18:55:14.568+0500][gc          ] GC(5) Pause Remark 143M->143M(1024M) 1.364ms
[2022-06-06T18:55:14.568+0500][gc,cpu      ] GC(5) User=0.01s Sys=0.00s Real=0.00s
[2022-06-06T18:55:14.568+0500][gc,marking  ] GC(5) Concurrent Rebuild Remembered Sets
[2022-06-06T18:55:14.576+0500][gc,marking  ] GC(5) Concurrent Rebuild Remembered Sets 8.348ms
[2022-06-06T18:55:14.577+0500][gc,start    ] GC(5) Pause Cleanup
[2022-06-06T18:55:14.577+0500][gc          ] GC(5) Pause Cleanup 143M->143M(1024M) 0.237ms
[2022-06-06T18:55:14.577+0500][gc,cpu      ] GC(5) User=0.00s Sys=0.00s Real=0.00s
[2022-06-06T18:55:14.577+0500][gc,marking  ] GC(5) Concurrent Cleanup for Next Mark
[2022-06-06T18:55:14.588+0500][gc,marking  ] GC(5) Concurrent Cleanup for Next Mark 10.403ms
[2022-06-06T18:55:14.588+0500][gc          ] GC(5) Concurrent Cycle 35.308ms
[2022-06-06T19:00:09.204+0500][gc,start    ] GC(6) Pause Young (Normal) (G1 Evacuation Pause)
[2022-06-06T19:00:09.206+0500][gc,task     ] GC(6) Using 8 workers of 8 for evacuation
[2022-06-06T19:00:09.320+0500][gc,mmu      ] GC(6) MMU target violated: 21.0ms (20.0ms/21.0ms)
[2022-06-06T19:00:09.320+0500][gc,phases   ] GC(6)   Pre Evacuate Collection Set: 17.2ms
[2022-06-06T19:00:09.320+0500][gc,phases   ] GC(6)   Merge Heap Roots: 4.4ms
[2022-06-06T19:00:09.320+0500][gc,phases   ] GC(6)   Evacuate Collection Set: 91.4ms
[2022-06-06T19:00:09.320+0500][gc,phases   ] GC(6)   Post Evacuate Collection Set: 0.6ms
[2022-06-06T19:00:09.320+0500][gc,phases   ] GC(6)   Other: 2.8ms
[2022-06-06T19:00:09.320+0500][gc,heap     ] GC(6) Eden regions: 49->0(47)
[2022-06-06T19:00:09.320+0500][gc,heap     ] GC(6) Survivor regions: 2->4(7)
[2022-06-06T19:00:09.320+0500][gc,heap     ] GC(6) Old regions: 13->13
[2022-06-06T19:00:09.320+0500][gc,heap     ] GC(6) Archive regions: 2->2
[2022-06-06T19:00:09.320+0500][gc,heap     ] GC(6) Humongous regions: 129->129
[2022-06-06T19:00:09.320+0500][gc,metaspace] GC(6) Metaspace: 41098K(42240K)->41098K(42240K) NonClass: 36242K(37120K)->36242K(37120K) Class: 4856K(5120K)->4856K(5120K)
[2022-06-06T19:00:09.320+0500][gc          ] GC(6) Pause Young (Normal) (G1 Evacuation Pause) 192M->145M(1024M) 116.302ms
[2022-06-06T19:00:09.320+0500][gc,cpu      ] GC(6) User=0.06s Sys=0.38s Real=0.12s
[2022-06-06T19:22:29.170+0500][gc,start    ] GC(7) Pause Young (Normal) (G1 Evacuation Pause)
[2022-06-06T19:22:29.170+0500][gc,task     ] GC(7) Using 8 workers of 8 for evacuation
[2022-06-06T19:22:29.241+0500][gc,mmu      ] GC(7) MMU target violated: 21.0ms (20.0ms/21.0ms)
[2022-06-06T19:22:29.241+0500][gc,phases   ] GC(7)   Pre Evacuate Collection Set: 4.7ms
[2022-06-06T19:22:29.241+0500][gc,phases   ] GC(7)   Merge Heap Roots: 0.4ms
[2022-06-06T19:22:29.241+0500][gc,phases   ] GC(7)   Evacuate Collection Set: 64.4ms
[2022-06-06T19:22:29.241+0500][gc,phases   ] GC(7)   Post Evacuate Collection Set: 0.9ms
[2022-06-06T19:22:29.241+0500][gc,phases   ] GC(7)   Other: 0.6ms
[2022-06-06T19:22:29.241+0500][gc,heap     ] GC(7) Eden regions: 47->0(45)
[2022-06-06T19:22:29.241+0500][gc,heap     ] GC(7) Survivor regions: 4->6(7)
[2022-06-06T19:22:29.241+0500][gc,heap     ] GC(7) Old regions: 13->13
[2022-06-06T19:22:29.241+0500][gc,heap     ] GC(7) Archive regions: 2->2
[2022-06-06T19:22:29.241+0500][gc,heap     ] GC(7) Humongous regions: 129->129
[2022-06-06T19:22:29.241+0500][gc,metaspace] GC(7) Metaspace: 42415K(43648K)->42415K(43648K) NonClass: 37489K(38400K)->37489K(38400K) Class: 4925K(5248K)->4925K(5248K)
[2022-06-06T19:22:29.241+0500][gc          ] GC(7) Pause Young (Normal) (G1 Evacuation Pause) 192M->147M(1024M) 71.104ms
[2022-06-06T19:22:29.241+0500][gc,cpu      ] GC(7) User=0.04s Sys=0.14s Real=0.07s
[2022-06-06T19:51:23.323+0500][gc,start    ] GC(8) Pause Young (Normal) (G1 Evacuation Pause)
[2022-06-06T19:51:23.324+0500][gc,task     ] GC(8) Using 8 workers of 8 for evacuation
[2022-06-06T19:51:23.378+0500][gc,mmu      ] GC(8) MMU target violated: 21.0ms (20.0ms/21.0ms)
[2022-06-06T19:51:23.378+0500][gc,phases   ] GC(8)   Pre Evacuate Collection Set: 2.7ms
[2022-06-06T19:51:23.378+0500][gc,phases   ] GC(8)   Merge Heap Roots: 0.4ms
[2022-06-06T19:51:23.378+0500][gc,phases   ] GC(8)   Evacuate Collection Set: 48.2ms
[2022-06-06T19:51:23.378+0500][gc,phases   ] GC(8)   Post Evacuate Collection Set: 2.3ms
[2022-06-06T19:51:23.378+0500][gc,phases   ] GC(8)   Other: 1.8ms
[2022-06-06T19:51:23.378+0500][gc,heap     ] GC(8) Eden regions: 45->0(48)
[2022-06-06T19:51:23.378+0500][gc,heap     ] GC(8) Survivor regions: 6->3(7)
[2022-06-06T19:51:23.378+0500][gc,heap     ] GC(8) Old regions: 13->16
[2022-06-06T19:51:23.378+0500][gc,heap     ] GC(8) Archive regions: 2->2
[2022-06-06T19:51:23.378+0500][gc,heap     ] GC(8) Humongous regions: 129->129
[2022-06-06T19:51:23.378+0500][gc,metaspace] GC(8) Metaspace: 42616K(43648K)->42616K(43648K) NonClass: 37685K(38400K)->37685K(38400K) Class: 4931K(5248K)->4931K(5248K)
[2022-06-06T19:51:23.379+0500][gc          ] GC(8) Pause Young (Normal) (G1 Evacuation Pause) 192M->147M(1024M) 56.209ms
[2022-06-06T19:51:23.379+0500][gc,cpu      ] GC(8) User=0.06s Sys=0.19s Real=0.05s
[2022-06-06T20:06:39.067+0500][gc,heap,exit] Heap
[2022-06-06T20:06:39.067+0500][gc,heap,exit]  garbage-first heap   total 1048576K, used 175425K [0x00000007c0000000, 0x0000000800000000)
[2022-06-06T20:06:39.067+0500][gc,heap,exit]   region size 1024K, 28 young (28672K), 3 survivors (3072K)
[2022-06-06T20:06:39.067+0500][gc,heap,exit]  Metaspace       used 43470K, capacity 44019K, committed 44544K, reserved 1089536K
[2022-06-06T20:06:39.067+0500][gc,heap,exit]   class space    used 5098K, capacity 5339K, committed 5376K, reserved 1048576K
