[2022-06-03T10:31:10.200+0500][gc] Using G1
[2022-06-03T10:31:10.203+0500][gc,init] Version: 15.0.1+9 (release)
[2022-06-03T10:31:10.203+0500][gc,init] CPUs: 8 total, 8 available
[2022-06-03T10:31:10.203+0500][gc,init] Memory: 8192M
[2022-06-03T10:31:10.203+0500][gc,init] Large Page Support: Disabled
[2022-06-03T10:31:10.203+0500][gc,init] NUMA Support: Disabled
[2022-06-03T10:31:10.203+0500][gc,init] Compressed Oops: Enabled (Zero based)
[2022-06-03T10:31:10.203+0500][gc,init] Heap Region Size: 1M
[2022-06-03T10:31:10.203+0500][gc,init] Heap Min Capacity: 512M
[2022-06-03T10:31:10.203+0500][gc,init] Heap Initial Capacity: 512M
[2022-06-03T10:31:10.203+0500][gc,init] Heap Max Capacity: 512M
[2022-06-03T10:31:10.203+0500][gc,init] Pre-touch: Disabled
[2022-06-03T10:31:10.203+0500][gc,init] Parallel Workers: 8
[2022-06-03T10:31:10.203+0500][gc,init] Concurrent Workers: 2
[2022-06-03T10:31:10.203+0500][gc,init] Concurrent Refinement Workers: 8
[2022-06-03T10:31:10.203+0500][gc,init] Periodic GC: Disabled
[2022-06-03T10:31:10.204+0500][gc,cds ] Mark closed archive regions in map: [0x00000007fff00000, 0x00000007fff78ff8]
[2022-06-03T10:31:10.204+0500][gc,cds ] Mark open archive regions in map: [0x00000007ffe00000, 0x00000007ffe50ff8]
[2022-06-03T10:31:10.204+0500][gc,metaspace] CDS archive(s) mapped at: [0x0000000800000000-0x0000000800b2d000-0x0000000800b2d000), size 11718656, SharedBaseAddress: 0x0000000800000000, ArchiveRelocationMode: 0.
[2022-06-03T10:31:10.204+0500][gc,metaspace] Compressed class space mapped at: 0x0000000800b30000-0x0000000840b30000, size: 1073741824
[2022-06-03T10:31:10.204+0500][gc,metaspace] Narrow klass base: 0x0000000800000000, Narrow klass shift: 3, Narrow klass range: 0x100000000
[2022-06-03T10:31:11.060+0500][gc,heap,exit] Heap
[2022-06-03T10:31:11.060+0500][gc,heap,exit]  garbage-first heap   total 524288K, used 14120K [0x00000007e0000000, 0x0000000800000000)
[2022-06-03T10:31:11.060+0500][gc,heap,exit]   region size 1024K, 14 young (14336K), 0 survivors (0K)
[2022-06-03T10:31:11.060+0500][gc,heap,exit]  Metaspace       used 5746K, capacity 5873K, committed 6144K, reserved 1056768K
[2022-06-03T10:31:11.060+0500][gc,heap,exit]   class space    used 648K, capacity 698K, committed 768K, reserved 1048576K
